Using pre-set license
Built from '2021.3/staging' branch; Version is '2021.3.9f1 (ad3870b89536) revision 11352176'; Using compiler version '192829333'; Build Type 'Release'
OS: 'Windows 10  (10.0.19045) 64bit Core' Language: 'it' Physical Memory: 16323 MB
BatchMode: 1, IsHumanControllingUs: 0, StartBugReporterOnCrash: 0, Is64bit: 1, IsPro: 1

COMMAND LINE ARGUMENTS:
C:\Program Files\Unity\Hub\Editor\2021.3.9f1\Editor\Unity.exe
-adb2
-batchMode
-noUpm
-name
AssetImportWorker8
-projectPath
E:/AR_SelfImage_Project
-logFile
Logs/AssetImportWorker8.log
-srvPort
59850
Successfully changed project path to: E:/AR_SelfImage_Project
E:/AR_SelfImage_Project
[UnityMemory] Configuration Parameters - Can be set up in boot.config
    "memorysetup-bucket-allocator-granularity=16"
    "memorysetup-bucket-allocator-bucket-count=8"
    "memorysetup-bucket-allocator-block-size=33554432"
    "memorysetup-bucket-allocator-block-count=8"
    "memorysetup-main-allocator-block-size=16777216"
    "memorysetup-thread-allocator-block-size=16777216"
    "memorysetup-gfx-main-allocator-block-size=16777216"
    "memorysetup-gfx-thread-allocator-block-size=16777216"
    "memorysetup-cache-allocator-block-size=4194304"
    "memorysetup-typetree-allocator-block-size=2097152"
    "memorysetup-profiler-bucket-allocator-granularity=16"
    "memorysetup-profiler-bucket-allocator-bucket-count=8"
    "memorysetup-profiler-bucket-allocator-block-size=33554432"
    "memorysetup-profiler-bucket-allocator-block-count=8"
    "memorysetup-profiler-allocator-block-size=16777216"
    "memorysetup-profiler-editor-allocator-block-size=1048576"
    "memorysetup-temp-allocator-size-main=16777216"
    "memorysetup-job-temp-allocator-block-size=2097152"
    "memorysetup-job-temp-allocator-block-size-background=1048576"
    "memorysetup-job-temp-allocator-reduction-small-platforms=262144"
    "memorysetup-temp-allocator-size-background-worker=32768"
    "memorysetup-temp-allocator-size-job-worker=262144"
    "memorysetup-temp-allocator-size-preload-manager=33554432"
    "memorysetup-temp-allocator-size-nav-mesh-worker=65536"
    "memorysetup-temp-allocator-size-audio-worker=65536"
    "memorysetup-temp-allocator-size-cloud-worker=32768"
    "memorysetup-temp-allocator-size-gi-baking-worker=262144"
    "memorysetup-temp-allocator-size-gfx=262144"
Refreshing native plugins compatible for Editor in 194.72 ms, found 4 plugins.
Preloading 0 native plugins for Editor in 0.00 ms.
Initialize engine version: 2021.3.9f1 (ad3870b89536)
[Subsystems] Discovering subsystems at path C:/Program Files/Unity/Hub/Editor/2021.3.9f1/Editor/Data/Resources/UnitySubsystems
[Subsystems] Discovering subsystems at path E:/AR_SelfImage_Project/Assets
GfxDevice: creating device client; threaded=0; jobified=0
Direct3D:
    Version:  Direct3D 11.0 [level 11.1]
    Renderer: NVIDIA GeForce GTX 1070 (ID=0x1b81)
    Vendor:   NVIDIA
    VRAM:     8067 MB
    Driver:   32.0.15.6636
Initialize mono
Mono path[0] = 'C:/Program Files/Unity/Hub/Editor/2021.3.9f1/Editor/Data/Managed'
Mono path[1] = 'C:/Program Files/Unity/Hub/Editor/2021.3.9f1/Editor/Data/MonoBleedingEdge/lib/mono/unityjit-win32'
Mono config path = 'C:/Program Files/Unity/Hub/Editor/2021.3.9f1/Editor/Data/MonoBleedingEdge/etc'
Using monoOptions --debugger-agent=transport=dt_socket,embedding=1,server=y,suspend=n,address=127.0.0.1:56400
Begin MonoManager ReloadAssembly
Registering precompiled unity dll's ...
Register platform support module: C:/Program Files/Unity/Hub/Editor/2021.3.9f1/Editor/Data/PlaybackEngines/AndroidPlayer/UnityEditor.Android.Extensions.dll
Register platform support module: C:/Program Files/Unity/Hub/Editor/2021.3.9f1/Editor/Data/PlaybackEngines/WindowsStandaloneSupport/UnityEditor.WindowsStandalone.Extensions.dll
Registered in 0.007672 seconds.
Native extension for WindowsStandalone target not found
Native extension for Android target not found
Refreshing native plugins compatible for Editor in 118.72 ms, found 4 plugins.
Preloading 0 native plugins for Editor in 0.00 ms.
Mono: successfully reloaded assembly
- Completed reload, in  0.710 seconds
Domain Reload Profiling:
	ReloadAssembly (710ms)
		BeginReloadAssembly (76ms)
			ExecutionOrderSort (0ms)
			DisableScriptedObjects (0ms)
			BackupInstance (0ms)
			ReleaseScriptingObjects (0ms)
			CreateAndSetChildDomain (1ms)
		EndReloadAssembly (520ms)
			LoadAssemblies (74ms)
			RebuildTransferFunctionScriptingTraits (0ms)
			SetupTypeCache (118ms)
			ReleaseScriptCaches (0ms)
			RebuildScriptCaches (33ms)
			SetupLoadedEditorAssemblies (317ms)
				LogAssemblyErrors (0ms)
				InitializePlatformSupportModulesInManaged (55ms)
				SetLoadedEditorAssemblies (0ms)
				RefreshPlugins (119ms)
				BeforeProcessingInitializeOnLoad (2ms)
				ProcessInitializeOnLoadAttributes (99ms)
				ProcessInitializeOnLoadMethodAttributes (43ms)
				AfterProcessingInitializeOnLoad (0ms)
				EditorAssembliesLoaded (0ms)
			ExecutionOrderSort2 (0ms)
			AwakeInstancesAfterBackupRestoration (0ms)
Platform modules already initialized, skipping
Registering precompiled user dll's ...
Registered in 0.007504 seconds.
Begin MonoManager ReloadAssembly
Symbol file LoadedFromMemory doesn't match image E:\AR_SelfImage_Project\Library\PackageCache\com.unity.visualscripting@1.7.8\Editor\VisualScripting.Core\Dependencies\YamlDotNet\Unity.VisualScripting.YamlDotNet.dll
Symbol file LoadedFromMemory doesn't match image E:\AR_SelfImage_Project\Library\PackageCache\com.unity.visualscripting@1.7.8\Editor\VisualScripting.Core\Dependencies\DotNetZip\Unity.VisualScripting.IonicZip.dll
Native extension for WindowsStandalone target not found
Native extension for Android target not found
Refreshing native plugins compatible for Editor in 134.82 ms, found 4 plugins.
Preloading 0 native plugins for Editor in 0.00 ms.
System.Exception: Error! Visual Scripting: couldn't find visual scripting package
  at Unity.VisualScripting.PackageVersionUtility.get_version () [0x00043] in E:\AR_SelfImage_Project\Library\PackageCache\com.unity.visualscripting@1.7.8\Editor\VisualScripting.Core\Utilities\PackageVersionUtility.cs:31 
  at Unity.VisualScripting.BoltCoreManifest.get_version () [0x00000] in E:\AR_SelfImage_Project\Library\PackageCache\com.unity.visualscripting@1.7.8\Editor\VisualScripting.Core\Plugin\BoltCoreManifest.cs:11 
  at Unity.VisualScripting.PluginManifest.get_currentVersion () [0x00000] in E:\AR_SelfImage_Project\Library\PackageCache\com.unity.visualscripting@1.7.8\Editor\VisualScripting.Core\Plugins\PluginManifest.cs:33 
  at Unity.VisualScripting.PluginManifest.get_versionMismatch () [0x00000] in E:\AR_SelfImage_Project\Library\PackageCache\com.unity.visualscripting@1.7.8\Editor\VisualScripting.Core\Plugins\PluginManifest.cs:48 
  at Unity.VisualScripting.PluginContainer.Initialize () [0x00525] in E:\AR_SelfImage_Project\Library\PackageCache\com.unity.visualscripting@1.7.8\Editor\VisualScripting.Core\Plugins\PluginContainer.cs:208 
  at Unity.VisualScripting.PluginContainer.InitializeOnLoad () [0x00009] in E:\AR_SelfImage_Project\Library\PackageCache\com.unity.visualscripting@1.7.8\Editor\VisualScripting.Core\Plugins\PluginContainer.cs:32 
  at Unity.VisualScripting.VSUsageUtility.DoInitializeOnLoadCalls () [0x00034] in E:\AR_SelfImage_Project\Library\PackageCache\com.unity.visualscripting@1.7.8\Editor\VisualScripting.Core\Utilities\VSUsageUtility.cs:76 
  at Unity.VisualScripting.VSUsageUtility.set_isVisualScriptingUsed (System.Boolean value) [0x0002c] in E:\AR_SelfImage_Project\Library\PackageCache\com.unity.visualscripting@1.7.8\Editor\VisualScripting.Core\Utilities\VSUsageUtility.cs:114 
  at Unity.VisualScripting.VSUsageUtility.CheckAndSetIsVisualScriptingUsed () [0x00032] in E:\AR_SelfImage_Project\Library\PackageCache\com.unity.visualscripting@1.7.8\Editor\VisualScripting.Core\Utilities\VSUsageUtility.cs:48 
  at Unity.VisualScripting.VSUsageUtility..cctor () [0x00000] in E:\AR_SelfImage_Project\Library\PackageCache\com.unity.visualscripting@1.7.8\Editor\VisualScripting.Core\Utilities\VSUsageUtility.cs:22 
UnityEngine.StackTraceUtility:ExtractStackTrace ()
UnityEngine.DebugLogHandler:LogFormat (UnityEngine.LogType,UnityEngine.Object,string,object[])
UnityEngine.Logger:Log (UnityEngine.LogType,object)
UnityEngine.Debug:LogError (object)
UnityEditor.EditorAssemblies:ProcessInitializeOnLoadAttributes (System.Type[])

Package Manager log level set to [2]
Mono: successfully reloaded assembly
- Completed reload, in  2.218 seconds
Domain Reload Profiling:
	ReloadAssembly (2219ms)
		BeginReloadAssembly (237ms)
			ExecutionOrderSort (0ms)
			DisableScriptedObjects (6ms)
			BackupInstance (0ms)
			ReleaseScriptingObjects (0ms)
			CreateAndSetChildDomain (140ms)
		EndReloadAssembly (1846ms)
			LoadAssemblies (105ms)
			RebuildTransferFunctionScriptingTraits (0ms)
			SetupTypeCache (363ms)
			ReleaseScriptCaches (1ms)
			RebuildScriptCaches (73ms)
			SetupLoadedEditorAssemblies (1255ms)
				LogAssemblyErrors (0ms)
				InitializePlatformSupportModulesInManaged (14ms)
				SetLoadedEditorAssemblies (0ms)
				RefreshPlugins (135ms)
				BeforeProcessingInitializeOnLoad (152ms)
				ProcessInitializeOnLoadAttributes (845ms)
				ProcessInitializeOnLoadMethodAttributes (100ms)
				AfterProcessingInitializeOnLoad (8ms)
				EditorAssembliesLoaded (0ms)
			ExecutionOrderSort2 (0ms)
			AwakeInstancesAfterBackupRestoration (6ms)
Platform modules already initialized, skipping
========================================================================
Worker process is ready to serve import requests
Launched and connected shader compiler UnityShaderCompiler.exe after 0.04 seconds
Refreshing native plugins compatible for Editor in 1.29 ms, found 4 plugins.
Preloading 0 native plugins for Editor in 0.00 ms.
Unloading 6534 Unused Serialized files (Serialized files now loaded: 0)
Unloading 60 unused Assets / (2.0 MB). Loaded Objects now: 6982.
Memory consumption went from 254.0 MB to 252.0 MB.
Total: 16.251700 ms (FindLiveObjects: 0.792800 ms CreateObjectMapping: 0.919500 ms MarkObjects: 13.571100 ms  DeleteObjects: 0.967400 ms)

AssetImportParameters requested are different than current active one (requested -> active):
  custom:video-decoder-ogg-theora: a1e56fd34408186e4bbccfd4996cb3dc -> 
  custom:container-muxer-webm: aa71ff27fc2769a1b78a27578f13a17b -> 
  custom:container-demuxer-webm: 4f35f7cbe854078d1ac9338744f61a02 -> 
  custom:video-encoder-webm-vp8: eb34c28f22e8b96e1ab97ce403110664 -> 
  custom:audio-encoder-webm-vorbis: bf7c407c2cedff20999df2af8eb42d56 -> 
  custom:framework-win-MediaFoundation: 216162199b28c13a410421893ffa2e32 -> 
  custom:container-demuxer-ogg: 62fdf1f143b41e24485cea50d1cbac27 -> 
  custom:video-decoder-webm-vp8: 9c59270c3fd7afecdb556c50c9e8de78 -> 
  custom:audio-decoder-ogg-vorbis: bf7c407c2cedff20999df2af8eb42d56 -> 
========================================================================
Received Import Request.
  Time since last request: 10080.529657 seconds.
  path: Assets/Images/Immagini Intere/D - artefatto-truccato-mascherato/Birgit Jürgenssen, Selfwithfur, 1974.jpg
  artifactKey: Guid(41b6dc6215108d944b375db8b2f42251) Importer(815301076,1909f56bfc062723c751e8b465ee728b)
Start importing Assets/Images/Immagini Intere/D - artefatto-truccato-mascherato/Birgit Jürgenssen, Selfwithfur, 1974.jpg using Guid(41b6dc6215108d944b375db8b2f42251) Importer(815301076,1909f56bfc062723c751e8b465ee728b)  -> (artifact id: '8880613c88f81c3c1d45b46021d5ae06') in 0.178449 seconds 
========================================================================
Received Import Request.
  Time since last request: 0.000034 seconds.
  path: Assets/Images/Immagini Intere/D - artefatto-truccato-mascherato/Pipilotti Rist, Video Installation Soundtracks & Ear Fruits, 2005.jpg
  artifactKey: Guid(8d1a692b0e0b62743bcc689e743bb468) Importer(815301076,1909f56bfc062723c751e8b465ee728b)
Start importing Assets/Images/Immagini Intere/D - artefatto-truccato-mascherato/Pipilotti Rist, Video Installation Soundtracks & Ear Fruits, 2005.jpg using Guid(8d1a692b0e0b62743bcc689e743bb468) Importer(815301076,1909f56bfc062723c751e8b465ee728b)  -> (artifact id: '9cda7d73eb32e23af50344fa8614c5c5') in 0.116268 seconds 
========================================================================
Received Import Request.
  Time since last request: 5.777883 seconds.
  path: Assets/Images/Immagini Intere/D - artefatto-truccato-mascherato/d.1.jpg
  artifactKey: Guid(41b6dc6215108d944b375db8b2f42251) Importer(815301076,1909f56bfc062723c751e8b465ee728b)
Start importing Assets/Images/Immagini Intere/D - artefatto-truccato-mascherato/d.1.jpg using Guid(41b6dc6215108d944b375db8b2f42251) Importer(815301076,1909f56bfc062723c751e8b465ee728b)  -> (artifact id: '498f5e293dd9f424dbf996890d77bc4e') in 0.027614 seconds 
========================================================================
Received Import Request.
  Time since last request: 7.367571 seconds.
  path: Assets/Images/Immagini Intere/D - artefatto-truccato-mascherato/d.2.jpg
  artifactKey: Guid(9549f50618d43b544a7f52973ea32e3f) Importer(815301076,1909f56bfc062723c751e8b465ee728b)
Start importing Assets/Images/Immagini Intere/D - artefatto-truccato-mascherato/d.2.jpg using Guid(9549f50618d43b544a7f52973ea32e3f) Importer(815301076,1909f56bfc062723c751e8b465ee728b)  -> (artifact id: '1391f9a897c5f4fc09254c710a560e73') in 0.040949 seconds 
========================================================================
Received Import Request.
  Time since last request: 10.728899 seconds.
  path: Assets/Images/Immagini Intere/D - artefatto-truccato-mascherato/d.3.jpg
  artifactKey: Guid(f9e66b50dc8c00d41ab333d124ed5658) Importer(815301076,1909f56bfc062723c751e8b465ee728b)
Start importing Assets/Images/Immagini Intere/D - artefatto-truccato-mascherato/d.3.jpg using Guid(f9e66b50dc8c00d41ab333d124ed5658) Importer(815301076,1909f56bfc062723c751e8b465ee728b)  -> (artifact id: '25b1922f375d737a0959d142cbe59a78') in 0.091709 seconds 
========================================================================
Received Import Request.
  Time since last request: 8.945857 seconds.
  path: Assets/Images/Immagini Intere/D - artefatto-truccato-mascherato/d.4.jpg
  artifactKey: Guid(8d2d7223f78743f4e8c395d210d01e76) Importer(815301076,1909f56bfc062723c751e8b465ee728b)
Start importing Assets/Images/Immagini Intere/D - artefatto-truccato-mascherato/d.4.jpg using Guid(8d2d7223f78743f4e8c395d210d01e76) Importer(815301076,1909f56bfc062723c751e8b465ee728b)  -> (artifact id: '3a1c12b499b5f91c1b45c604106a2f6d') in 0.122465 seconds 
========================================================================
Received Import Request.
  Time since last request: 6.437232 seconds.
  path: Assets/Images/Immagini Intere/D - artefatto-truccato-mascherato/d.5.jpg
  artifactKey: Guid(3ed5744d4519f954789077489749161e) Importer(815301076,1909f56bfc062723c751e8b465ee728b)
Start importing Assets/Images/Immagini Intere/D - artefatto-truccato-mascherato/d.5.jpg using Guid(3ed5744d4519f954789077489749161e) Importer(815301076,1909f56bfc062723c751e8b465ee728b)  -> (artifact id: '4c06ac227c0fefc6970e370a0e57005e') in 0.050831 seconds 
========================================================================
Received Import Request.
  Time since last request: 6.066634 seconds.
  path: Assets/Images/Immagini Intere/D - artefatto-truccato-mascherato/d.6.jpg
  artifactKey: Guid(c8f5b1fee80235745b5a8df81aef53cd) Importer(815301076,1909f56bfc062723c751e8b465ee728b)
Start importing Assets/Images/Immagini Intere/D - artefatto-truccato-mascherato/d.6.jpg using Guid(c8f5b1fee80235745b5a8df81aef53cd) Importer(815301076,1909f56bfc062723c751e8b465ee728b)  -> (artifact id: '3f93aea6f342d7f1645e659830ac4bdd') in 0.082788 seconds 
========================================================================
Received Import Request.
  Time since last request: 6.488919 seconds.
  path: Assets/Images/Immagini Intere/D - artefatto-truccato-mascherato/d.7.jpg
  artifactKey: Guid(933685193ac6b8346a337a145c62b548) Importer(815301076,1909f56bfc062723c751e8b465ee728b)
Start importing Assets/Images/Immagini Intere/D - artefatto-truccato-mascherato/d.7.jpg using Guid(933685193ac6b8346a337a145c62b548) Importer(815301076,1909f56bfc062723c751e8b465ee728b)  -> (artifact id: 'a07d1e4728d414aa990c360a2b3eb736') in 0.059570 seconds 
========================================================================
Received Import Request.
  Time since last request: 6.075329 seconds.
  path: Assets/Images/Immagini Intere/D - artefatto-truccato-mascherato/d.8.jpg
  artifactKey: Guid(f1133e060230a6340925a0646163fca2) Importer(815301076,1909f56bfc062723c751e8b465ee728b)
Start importing Assets/Images/Immagini Intere/D - artefatto-truccato-mascherato/d.8.jpg using Guid(f1133e060230a6340925a0646163fca2) Importer(815301076,1909f56bfc062723c751e8b465ee728b)  -> (artifact id: '06cfc744b29850f75278db7c15801c5c') in 0.052748 seconds 
========================================================================
Received Import Request.
  Time since last request: 7.249087 seconds.
  path: Assets/Images/Immagini Intere/D - artefatto-truccato-mascherato/d.9.jpg
  artifactKey: Guid(e5cec20f9fc336f46afacc569cd80a7a) Importer(815301076,1909f56bfc062723c751e8b465ee728b)
Start importing Assets/Images/Immagini Intere/D - artefatto-truccato-mascherato/d.9.jpg using Guid(e5cec20f9fc336f46afacc569cd80a7a) Importer(815301076,1909f56bfc062723c751e8b465ee728b)  -> (artifact id: '505b56212444032f55c47ddb8dde0450') in 0.053606 seconds 
========================================================================
Received Import Request.
  Time since last request: 3.794293 seconds.
  path: Assets/Images/Immagini Intere/D - artefatto-truccato-mascherato/d.10.jpg
  artifactKey: Guid(8d1a692b0e0b62743bcc689e743bb468) Importer(815301076,1909f56bfc062723c751e8b465ee728b)
Start importing Assets/Images/Immagini Intere/D - artefatto-truccato-mascherato/d.10.jpg using Guid(8d1a692b0e0b62743bcc689e743bb468) Importer(815301076,1909f56bfc062723c751e8b465ee728b)  -> (artifact id: '811c4f74dcaaaf578ac2f0aa1f647302') in 0.060028 seconds 
========================================================================
Received Import Request.
  Time since last request: 7.149851 seconds.
  path: Assets/Images/Immagini Intere/E - assemblaggio-composizione-frammenti/Agnès Varda, age 81, in 2009. (self-portrait).jpeg
  artifactKey: Guid(1031d92b7898a5e4eb4b4535d013bdb3) Importer(815301076,1909f56bfc062723c751e8b465ee728b)
Start importing Assets/Images/Immagini Intere/E - assemblaggio-composizione-frammenti/Agnès Varda, age 81, in 2009. (self-portrait).jpeg using Guid(1031d92b7898a5e4eb4b4535d013bdb3) Importer(815301076,1909f56bfc062723c751e8b465ee728b)  -> (artifact id: 'e913afff5039e013f8d35944965391cd') in 0.148575 seconds 
========================================================================
Received Import Request.
  Time since last request: 0.000035 seconds.
  path: Assets/Images/Immagini Intere/E - assemblaggio-composizione-frammenti/Chantal Stoman.jpg
  artifactKey: Guid(163f162165ae4c6418f112e9f3afa4e8) Importer(815301076,1909f56bfc062723c751e8b465ee728b)
Start importing Assets/Images/Immagini Intere/E - assemblaggio-composizione-frammenti/Chantal Stoman.jpg using Guid(163f162165ae4c6418f112e9f3afa4e8) Importer(815301076,1909f56bfc062723c751e8b465ee728b)  -> (artifact id: 'fab80be00857877fbe434dfa66b9746a') in 0.117979 seconds 
========================================================================
Received Import Request.
  Time since last request: 0.000047 seconds.
  path: Assets/Images/Immagini Intere/E - assemblaggio-composizione-frammenti/Man Ray.jpeg
  artifactKey: Guid(e8ad43c76b8f1e944aa10a0ff1466362) Importer(815301076,1909f56bfc062723c751e8b465ee728b)
Start importing Assets/Images/Immagini Intere/E - assemblaggio-composizione-frammenti/Man Ray.jpeg using Guid(e8ad43c76b8f1e944aa10a0ff1466362) Importer(815301076,1909f56bfc062723c751e8b465ee728b)  -> (artifact id: 'c8bc1064e561ab8b694fd8799c5e06ea') in 0.169310 seconds 
========================================================================
Received Import Request.
  Time since last request: 0.000035 seconds.
  path: Assets/Images/Immagini Intere/E - assemblaggio-composizione-frammenti/Irving Penn Cracked Mirror Self Portrait.jpg
  artifactKey: Guid(2eb964f55d7ad69488872e4433d02851) Importer(815301076,1909f56bfc062723c751e8b465ee728b)
Start importing Assets/Images/Immagini Intere/E - assemblaggio-composizione-frammenti/Irving Penn Cracked Mirror Self Portrait.jpg using Guid(2eb964f55d7ad69488872e4433d02851) Importer(815301076,1909f56bfc062723c751e8b465ee728b)  -> (artifact id: '065bc6054eab42d33f70698acef1c1c1') in 0.108838 seconds 
========================================================================
Received Import Request.
  Time since last request: 0.000029 seconds.
  path: Assets/Images/Immagini Intere/E - assemblaggio-composizione-frammenti/David Lynch portrait.jpg
  artifactKey: Guid(da60e9078fde0a748a52a14939996e01) Importer(815301076,1909f56bfc062723c751e8b465ee728b)
Start importing Assets/Images/Immagini Intere/E - assemblaggio-composizione-frammenti/David Lynch portrait.jpg using Guid(da60e9078fde0a748a52a14939996e01) Importer(815301076,1909f56bfc062723c751e8b465ee728b)  -> (artifact id: '6522b368c122564266a1052dbb65eef5') in 0.141998 seconds 
Editor requested this worker to shutdown with reason: Scaling down because of idle timeout
AssetImportWorker is now disconnected from the server
Process exiting
Exiting without the bug reporter. Application will terminate with return code 0