Using pre-set license
Built from '2021.3/staging' branch; Version is '2021.3.9f1 (ad3870b89536) revision 11352176'; Using compiler version '192829333'; Build Type 'Release'
OS: 'Windows 10  (10.0.19045) 64bit Core' Language: 'it' Physical Memory: 16323 MB
BatchMode: 1, IsHumanControllingUs: 0, StartBugReporterOnCrash: 0, Is64bit: 1, IsPro: 1

COMMAND LINE ARGUMENTS:
C:\Program Files\Unity\Hub\Editor\2021.3.9f1\Editor\Unity.exe
-adb2
-batchMode
-noUpm
-name
AssetImportWorker7
-projectPath
E:/AR_SelfImage_Project
-logFile
Logs/AssetImportWorker7.log
-srvPort
59850
Successfully changed project path to: E:/AR_SelfImage_Project
E:/AR_SelfImage_Project
[UnityMemory] Configuration Parameters - Can be set up in boot.config
    "memorysetup-bucket-allocator-granularity=16"
    "memorysetup-bucket-allocator-bucket-count=8"
    "memorysetup-bucket-allocator-block-size=33554432"
    "memorysetup-bucket-allocator-block-count=8"
    "memorysetup-main-allocator-block-size=16777216"
    "memorysetup-thread-allocator-block-size=16777216"
    "memorysetup-gfx-main-allocator-block-size=16777216"
    "memorysetup-gfx-thread-allocator-block-size=16777216"
    "memorysetup-cache-allocator-block-size=4194304"
    "memorysetup-typetree-allocator-block-size=2097152"
    "memorysetup-profiler-bucket-allocator-granularity=16"
    "memorysetup-profiler-bucket-allocator-bucket-count=8"
    "memorysetup-profiler-bucket-allocator-block-size=33554432"
    "memorysetup-profiler-bucket-allocator-block-count=8"
    "memorysetup-profiler-allocator-block-size=16777216"
    "memorysetup-profiler-editor-allocator-block-size=1048576"
    "memorysetup-temp-allocator-size-main=16777216"
    "memorysetup-job-temp-allocator-block-size=2097152"
    "memorysetup-job-temp-allocator-block-size-background=1048576"
    "memorysetup-job-temp-allocator-reduction-small-platforms=262144"
    "memorysetup-temp-allocator-size-background-worker=32768"
    "memorysetup-temp-allocator-size-job-worker=262144"
    "memorysetup-temp-allocator-size-preload-manager=33554432"
    "memorysetup-temp-allocator-size-nav-mesh-worker=65536"
    "memorysetup-temp-allocator-size-audio-worker=65536"
    "memorysetup-temp-allocator-size-cloud-worker=32768"
    "memorysetup-temp-allocator-size-gi-baking-worker=262144"
    "memorysetup-temp-allocator-size-gfx=262144"
Refreshing native plugins compatible for Editor in 187.86 ms, found 4 plugins.
Preloading 0 native plugins for Editor in 0.00 ms.
Initialize engine version: 2021.3.9f1 (ad3870b89536)
[Subsystems] Discovering subsystems at path C:/Program Files/Unity/Hub/Editor/2021.3.9f1/Editor/Data/Resources/UnitySubsystems
[Subsystems] Discovering subsystems at path E:/AR_SelfImage_Project/Assets
GfxDevice: creating device client; threaded=0; jobified=0
Direct3D:
    Version:  Direct3D 11.0 [level 11.1]
    Renderer: NVIDIA GeForce GTX 1070 (ID=0x1b81)
    Vendor:   NVIDIA
    VRAM:     8067 MB
    Driver:   32.0.15.6636
Initialize mono
Mono path[0] = 'C:/Program Files/Unity/Hub/Editor/2021.3.9f1/Editor/Data/Managed'
Mono path[1] = 'C:/Program Files/Unity/Hub/Editor/2021.3.9f1/Editor/Data/MonoBleedingEdge/lib/mono/unityjit-win32'
Mono config path = 'C:/Program Files/Unity/Hub/Editor/2021.3.9f1/Editor/Data/MonoBleedingEdge/etc'
Using monoOptions --debugger-agent=transport=dt_socket,embedding=1,server=y,suspend=n,address=127.0.0.1:56572
Begin MonoManager ReloadAssembly
Registering precompiled unity dll's ...
Register platform support module: C:/Program Files/Unity/Hub/Editor/2021.3.9f1/Editor/Data/PlaybackEngines/AndroidPlayer/UnityEditor.Android.Extensions.dll
Register platform support module: C:/Program Files/Unity/Hub/Editor/2021.3.9f1/Editor/Data/PlaybackEngines/WindowsStandaloneSupport/UnityEditor.WindowsStandalone.Extensions.dll
Registered in 0.007995 seconds.
Native extension for WindowsStandalone target not found
Native extension for Android target not found
Refreshing native plugins compatible for Editor in 139.40 ms, found 4 plugins.
Preloading 0 native plugins for Editor in 0.00 ms.
Mono: successfully reloaded assembly
- Completed reload, in  0.737 seconds
Domain Reload Profiling:
	ReloadAssembly (737ms)
		BeginReloadAssembly (82ms)
			ExecutionOrderSort (0ms)
			DisableScriptedObjects (0ms)
			BackupInstance (0ms)
			ReleaseScriptingObjects (0ms)
			CreateAndSetChildDomain (1ms)
		EndReloadAssembly (530ms)
			LoadAssemblies (78ms)
			RebuildTransferFunctionScriptingTraits (0ms)
			SetupTypeCache (117ms)
			ReleaseScriptCaches (0ms)
			RebuildScriptCaches (28ms)
			SetupLoadedEditorAssemblies (333ms)
				LogAssemblyErrors (0ms)
				InitializePlatformSupportModulesInManaged (55ms)
				SetLoadedEditorAssemblies (0ms)
				RefreshPlugins (140ms)
				BeforeProcessingInitializeOnLoad (1ms)
				ProcessInitializeOnLoadAttributes (94ms)
				ProcessInitializeOnLoadMethodAttributes (44ms)
				AfterProcessingInitializeOnLoad (0ms)
				EditorAssembliesLoaded (0ms)
			ExecutionOrderSort2 (0ms)
			AwakeInstancesAfterBackupRestoration (0ms)
Platform modules already initialized, skipping
Registering precompiled user dll's ...
Registered in 0.007522 seconds.
Begin MonoManager ReloadAssembly
Symbol file LoadedFromMemory doesn't match image E:\AR_SelfImage_Project\Library\PackageCache\com.unity.visualscripting@1.7.8\Editor\VisualScripting.Core\Dependencies\YamlDotNet\Unity.VisualScripting.YamlDotNet.dll
Symbol file LoadedFromMemory doesn't match image E:\AR_SelfImage_Project\Library\PackageCache\com.unity.visualscripting@1.7.8\Editor\VisualScripting.Core\Dependencies\DotNetZip\Unity.VisualScripting.IonicZip.dll
Native extension for WindowsStandalone target not found
Native extension for Android target not found
Refreshing native plugins compatible for Editor in 142.21 ms, found 4 plugins.
Preloading 0 native plugins for Editor in 0.00 ms.
System.Exception: Error! Visual Scripting: couldn't find visual scripting package
  at Unity.VisualScripting.PackageVersionUtility.get_version () [0x00043] in E:\AR_SelfImage_Project\Library\PackageCache\com.unity.visualscripting@1.7.8\Editor\VisualScripting.Core\Utilities\PackageVersionUtility.cs:31 
  at Unity.VisualScripting.BoltCoreManifest.get_version () [0x00000] in E:\AR_SelfImage_Project\Library\PackageCache\com.unity.visualscripting@1.7.8\Editor\VisualScripting.Core\Plugin\BoltCoreManifest.cs:11 
  at Unity.VisualScripting.PluginManifest.get_currentVersion () [0x00000] in E:\AR_SelfImage_Project\Library\PackageCache\com.unity.visualscripting@1.7.8\Editor\VisualScripting.Core\Plugins\PluginManifest.cs:33 
  at Unity.VisualScripting.PluginManifest.get_versionMismatch () [0x00000] in E:\AR_SelfImage_Project\Library\PackageCache\com.unity.visualscripting@1.7.8\Editor\VisualScripting.Core\Plugins\PluginManifest.cs:48 
  at Unity.VisualScripting.PluginContainer.Initialize () [0x00525] in E:\AR_SelfImage_Project\Library\PackageCache\com.unity.visualscripting@1.7.8\Editor\VisualScripting.Core\Plugins\PluginContainer.cs:208 
  at Unity.VisualScripting.PluginContainer.InitializeOnLoad () [0x00009] in E:\AR_SelfImage_Project\Library\PackageCache\com.unity.visualscripting@1.7.8\Editor\VisualScripting.Core\Plugins\PluginContainer.cs:32 
  at Unity.VisualScripting.VSUsageUtility.DoInitializeOnLoadCalls () [0x00034] in E:\AR_SelfImage_Project\Library\PackageCache\com.unity.visualscripting@1.7.8\Editor\VisualScripting.Core\Utilities\VSUsageUtility.cs:76 
  at Unity.VisualScripting.VSUsageUtility.set_isVisualScriptingUsed (System.Boolean value) [0x0002c] in E:\AR_SelfImage_Project\Library\PackageCache\com.unity.visualscripting@1.7.8\Editor\VisualScripting.Core\Utilities\VSUsageUtility.cs:114 
  at Unity.VisualScripting.VSUsageUtility.CheckAndSetIsVisualScriptingUsed () [0x00032] in E:\AR_SelfImage_Project\Library\PackageCache\com.unity.visualscripting@1.7.8\Editor\VisualScripting.Core\Utilities\VSUsageUtility.cs:48 
  at Unity.VisualScripting.VSUsageUtility..cctor () [0x00000] in E:\AR_SelfImage_Project\Library\PackageCache\com.unity.visualscripting@1.7.8\Editor\VisualScripting.Core\Utilities\VSUsageUtility.cs:22 
UnityEngine.StackTraceUtility:ExtractStackTrace ()
UnityEngine.DebugLogHandler:LogFormat (UnityEngine.LogType,UnityEngine.Object,string,object[])
UnityEngine.Logger:Log (UnityEngine.LogType,object)
UnityEngine.Debug:LogError (object)
UnityEditor.EditorAssemblies:ProcessInitializeOnLoadAttributes (System.Type[])

Package Manager log level set to [2]
Mono: successfully reloaded assembly
- Completed reload, in  2.161 seconds
Domain Reload Profiling:
	ReloadAssembly (2162ms)
		BeginReloadAssembly (220ms)
			ExecutionOrderSort (0ms)
			DisableScriptedObjects (6ms)
			BackupInstance (0ms)
			ReleaseScriptingObjects (0ms)
			CreateAndSetChildDomain (126ms)
		EndReloadAssembly (1808ms)
			LoadAssemblies (106ms)
			RebuildTransferFunctionScriptingTraits (0ms)
			SetupTypeCache (339ms)
			ReleaseScriptCaches (1ms)
			RebuildScriptCaches (74ms)
			SetupLoadedEditorAssemblies (1238ms)
				LogAssemblyErrors (0ms)
				InitializePlatformSupportModulesInManaged (13ms)
				SetLoadedEditorAssemblies (0ms)
				RefreshPlugins (142ms)
				BeforeProcessingInitializeOnLoad (131ms)
				ProcessInitializeOnLoadAttributes (856ms)
				ProcessInitializeOnLoadMethodAttributes (87ms)
				AfterProcessingInitializeOnLoad (8ms)
				EditorAssembliesLoaded (0ms)
			ExecutionOrderSort2 (0ms)
			AwakeInstancesAfterBackupRestoration (9ms)
Platform modules already initialized, skipping
========================================================================
Worker process is ready to serve import requests
Launched and connected shader compiler UnityShaderCompiler.exe after 0.05 seconds
Refreshing native plugins compatible for Editor in 1.22 ms, found 4 plugins.
Preloading 0 native plugins for Editor in 0.00 ms.
Unloading 6534 Unused Serialized files (Serialized files now loaded: 0)
Unloading 60 unused Assets / (2.0 MB). Loaded Objects now: 6982.
Memory consumption went from 253.9 MB to 252.0 MB.
Total: 14.301000 ms (FindLiveObjects: 0.611000 ms CreateObjectMapping: 0.735300 ms MarkObjects: 12.013800 ms  DeleteObjects: 0.940000 ms)

AssetImportParameters requested are different than current active one (requested -> active):
  custom:video-decoder-ogg-theora: a1e56fd34408186e4bbccfd4996cb3dc -> 
  custom:container-muxer-webm: aa71ff27fc2769a1b78a27578f13a17b -> 
  custom:container-demuxer-webm: 4f35f7cbe854078d1ac9338744f61a02 -> 
  custom:video-encoder-webm-vp8: eb34c28f22e8b96e1ab97ce403110664 -> 
  custom:audio-encoder-webm-vorbis: bf7c407c2cedff20999df2af8eb42d56 -> 
  custom:framework-win-MediaFoundation: 216162199b28c13a410421893ffa2e32 -> 
  custom:container-demuxer-ogg: 62fdf1f143b41e24485cea50d1cbac27 -> 
  custom:video-decoder-webm-vp8: 9c59270c3fd7afecdb556c50c9e8de78 -> 
  custom:audio-decoder-ogg-vorbis: bf7c407c2cedff20999df2af8eb42d56 -> 
========================================================================
Received Import Request.
  Time since last request: 10060.915658 seconds.
  path: Assets/Images/Immagini Intere/F - assenza-mancanza-incompiutezza/André Steiner, Portrait de femme derrière du verre, c. 1938.jpg
  artifactKey: Guid(1fc0387fe8a18d34f845350339c1c96d) Importer(815301076,1909f56bfc062723c751e8b465ee728b)
Start importing Assets/Images/Immagini Intere/F - assenza-mancanza-incompiutezza/André Steiner, Portrait de femme derrière du verre, c. 1938.jpg using Guid(1fc0387fe8a18d34f845350339c1c96d) Importer(815301076,1909f56bfc062723c751e8b465ee728b)  -> (artifact id: '40a0e2d40ca4bfdaa813440fe28b6bdc') in 0.212687 seconds 
========================================================================
Received Import Request.
  Time since last request: 0.000034 seconds.
  path: Assets/Images/Immagini Intere/F - assenza-mancanza-incompiutezza/Man Ray, Dora Maar, Paul Eluard, Le Temps déborde, 1947.jpg
  artifactKey: Guid(d168cc596777d4e4b856891e9bbfea50) Importer(815301076,1909f56bfc062723c751e8b465ee728b)
Start importing Assets/Images/Immagini Intere/F - assenza-mancanza-incompiutezza/Man Ray, Dora Maar, Paul Eluard, Le Temps déborde, 1947.jpg using Guid(d168cc596777d4e4b856891e9bbfea50) Importer(815301076,1909f56bfc062723c751e8b465ee728b)  -> (artifact id: '06f98cf7e73c48cd59b0c61daac34be7') in 0.077838 seconds 
========================================================================
Received Import Request.
  Time since last request: 0.000037 seconds.
  path: Assets/Images/Immagini Intere/F - assenza-mancanza-incompiutezza/douglas-gordon-blind-ingrid-white-eyes-ingrid-aveugle-yeux-blancs-2002-816x1024.jpg
  artifactKey: Guid(fa192ec2eb3597640bbe17434dbded20) Importer(815301076,1909f56bfc062723c751e8b465ee728b)
Start importing Assets/Images/Immagini Intere/F - assenza-mancanza-incompiutezza/douglas-gordon-blind-ingrid-white-eyes-ingrid-aveugle-yeux-blancs-2002-816x1024.jpg using Guid(fa192ec2eb3597640bbe17434dbded20) Importer(815301076,1909f56bfc062723c751e8b465ee728b)  -> (artifact id: 'ff7377b928b7714ca6b438a9a0a35917') in 0.162689 seconds 
========================================================================
Received Import Request.
  Time since last request: 0.000033 seconds.
  path: Assets/Images/Immagini Intere/F - assenza-mancanza-incompiutezza/Bjork & M M & Inez and Vinoodh, Hidden Place, 2001.jpg
  artifactKey: Guid(e562ba7c41383b644952399844dc729c) Importer(815301076,1909f56bfc062723c751e8b465ee728b)
Start importing Assets/Images/Immagini Intere/F - assenza-mancanza-incompiutezza/Bjork & M M & Inez and Vinoodh, Hidden Place, 2001.jpg using Guid(e562ba7c41383b644952399844dc729c) Importer(815301076,1909f56bfc062723c751e8b465ee728b)  -> (artifact id: '6566e9887fad3d52a97be4d44858d20d') in 0.107737 seconds 
========================================================================
Received Import Request.
  Time since last request: 0.000036 seconds.
  path: Assets/Images/Immagini Intere/F - assenza-mancanza-incompiutezza/Man-Ray-Tränen-1933-1959.-Museum-Abteiberg-Mönchengladbach.-Photo-©-Ruth-Kaiser.-©-MAN-RAY-TRUST_Bildrecht-Wien-2017_18.jpg
  artifactKey: Guid(dd79a6d0ea79772478e00e10ef339f3a) Importer(815301076,1909f56bfc062723c751e8b465ee728b)
Start importing Assets/Images/Immagini Intere/F - assenza-mancanza-incompiutezza/Man-Ray-Tränen-1933-1959.-Museum-Abteiberg-Mönchengladbach.-Photo-©-Ruth-Kaiser.-©-MAN-RAY-TRUST_Bildrecht-Wien-2017_18.jpg using Guid(dd79a6d0ea79772478e00e10ef339f3a) Importer(815301076,1909f56bfc062723c751e8b465ee728b)  -> (artifact id: '8f5782ba275e52c98e1abe920ca34313') in 0.213281 seconds 
========================================================================
Received Import Request.
  Time since last request: 18.759885 seconds.
  path: Assets/Images/Immagini Intere/D - artefatto-truccato-mascherato/David LaChapelle.jpg
  artifactKey: Guid(8d2d7223f78743f4e8c395d210d01e76) Importer(815301076,1909f56bfc062723c751e8b465ee728b)
Start importing Assets/Images/Immagini Intere/D - artefatto-truccato-mascherato/David LaChapelle.jpg using Guid(8d2d7223f78743f4e8c395d210d01e76) Importer(815301076,1909f56bfc062723c751e8b465ee728b)  -> (artifact id: '09ad303ed97844447b62611480c517a7') in 0.186423 seconds 
========================================================================
Received Import Request.
  Time since last request: 0.000031 seconds.
  path: Assets/Images/Immagini Intere/D - artefatto-truccato-mascherato/Paolo Ferrari, Maurizio Cattelan, 2017.jpg
  artifactKey: Guid(e5cec20f9fc336f46afacc569cd80a7a) Importer(815301076,1909f56bfc062723c751e8b465ee728b)
Start importing Assets/Images/Immagini Intere/D - artefatto-truccato-mascherato/Paolo Ferrari, Maurizio Cattelan, 2017.jpg using Guid(e5cec20f9fc336f46afacc569cd80a7a) Importer(815301076,1909f56bfc062723c751e8b465ee728b)  -> (artifact id: 'd3fe9d4670f6f99eb334a659425ff5c1') in 0.092574 seconds 
========================================================================
Received Import Request.
  Time since last request: 0.000035 seconds.
  path: Assets/Images/Immagini Intere/D - artefatto-truccato-mascherato/Luigi Ontani, Pinocchio, 1972​.jpg
  artifactKey: Guid(f1133e060230a6340925a0646163fca2) Importer(815301076,1909f56bfc062723c751e8b465ee728b)
Start importing Assets/Images/Immagini Intere/D - artefatto-truccato-mascherato/Luigi Ontani, Pinocchio, 1972​.jpg using Guid(f1133e060230a6340925a0646163fca2) Importer(815301076,1909f56bfc062723c751e8b465ee728b)  -> (artifact id: '90aa10ebdaeec09e97cd22fec8cbc887') in 0.073416 seconds 
Editor requested this worker to shutdown with reason: Scaling down because of idle timeout
AssetImportWorker is now disconnected from the server
Process exiting
Exiting without the bug reporter. Application will terminate with return code 0