Using pre-set license
Built from '2021.3/staging' branch; Version is '2021.3.9f1 (ad3870b89536) revision 11352176'; Using compiler version '192829333'; Build Type 'Release'
OS: 'Windows 10  (10.0.19045) 64bit Core' Language: 'it' Physical Memory: 16323 MB
BatchMode: 1, IsHumanControllingUs: 0, StartBugReporterOnCrash: 0, Is64bit: 1, IsPro: 1

COMMAND LINE ARGUMENTS:
C:\Program Files\Unity\Hub\Editor\2021.3.9f1\Editor\Unity.exe
-adb2
-batchMode
-noUpm
-name
AssetImportWorker2
-projectPath
E:/AR_SelfImage_Project
-logFile
Logs/AssetImportWorker2.log
-srvPort
59850
Successfully changed project path to: E:/AR_SelfImage_Project
E:/AR_SelfImage_Project
[UnityMemory] Configuration Parameters - Can be set up in boot.config
    "memorysetup-bucket-allocator-granularity=16"
    "memorysetup-bucket-allocator-bucket-count=8"
    "memorysetup-bucket-allocator-block-size=33554432"
    "memorysetup-bucket-allocator-block-count=8"
    "memorysetup-main-allocator-block-size=16777216"
    "memorysetup-thread-allocator-block-size=16777216"
    "memorysetup-gfx-main-allocator-block-size=16777216"
    "memorysetup-gfx-thread-allocator-block-size=16777216"
    "memorysetup-cache-allocator-block-size=4194304"
    "memorysetup-typetree-allocator-block-size=2097152"
    "memorysetup-profiler-bucket-allocator-granularity=16"
    "memorysetup-profiler-bucket-allocator-bucket-count=8"
    "memorysetup-profiler-bucket-allocator-block-size=33554432"
    "memorysetup-profiler-bucket-allocator-block-count=8"
    "memorysetup-profiler-allocator-block-size=16777216"
    "memorysetup-profiler-editor-allocator-block-size=1048576"
    "memorysetup-temp-allocator-size-main=16777216"
    "memorysetup-job-temp-allocator-block-size=2097152"
    "memorysetup-job-temp-allocator-block-size-background=1048576"
    "memorysetup-job-temp-allocator-reduction-small-platforms=262144"
    "memorysetup-temp-allocator-size-background-worker=32768"
    "memorysetup-temp-allocator-size-job-worker=262144"
    "memorysetup-temp-allocator-size-preload-manager=33554432"
    "memorysetup-temp-allocator-size-nav-mesh-worker=65536"
    "memorysetup-temp-allocator-size-audio-worker=65536"
    "memorysetup-temp-allocator-size-cloud-worker=32768"
    "memorysetup-temp-allocator-size-gi-baking-worker=262144"
    "memorysetup-temp-allocator-size-gfx=262144"
Refreshing native plugins compatible for Editor in 146.14 ms, found 4 plugins.
Preloading 0 native plugins for Editor in 0.00 ms.
Initialize engine version: 2021.3.9f1 (ad3870b89536)
[Subsystems] Discovering subsystems at path C:/Program Files/Unity/Hub/Editor/2021.3.9f1/Editor/Data/Resources/UnitySubsystems
[Subsystems] Discovering subsystems at path E:/AR_SelfImage_Project/Assets
GfxDevice: creating device client; threaded=0; jobified=0
Direct3D:
    Version:  Direct3D 11.0 [level 11.1]
    Renderer: NVIDIA GeForce GTX 1070 (ID=0x1b81)
    Vendor:   NVIDIA
    VRAM:     8067 MB
    Driver:   32.0.15.6636
Initialize mono
Mono path[0] = 'C:/Program Files/Unity/Hub/Editor/2021.3.9f1/Editor/Data/Managed'
Mono path[1] = 'C:/Program Files/Unity/Hub/Editor/2021.3.9f1/Editor/Data/MonoBleedingEdge/lib/mono/unityjit-win32'
Mono config path = 'C:/Program Files/Unity/Hub/Editor/2021.3.9f1/Editor/Data/MonoBleedingEdge/etc'
Using monoOptions --debugger-agent=transport=dt_socket,embedding=1,server=y,suspend=n,address=127.0.0.1:56880
Begin MonoManager ReloadAssembly
Registering precompiled unity dll's ...
Register platform support module: C:/Program Files/Unity/Hub/Editor/2021.3.9f1/Editor/Data/PlaybackEngines/AndroidPlayer/UnityEditor.Android.Extensions.dll
Register platform support module: C:/Program Files/Unity/Hub/Editor/2021.3.9f1/Editor/Data/PlaybackEngines/WindowsStandaloneSupport/UnityEditor.WindowsStandalone.Extensions.dll
Registered in 0.009663 seconds.
Native extension for WindowsStandalone target not found
Native extension for Android target not found
Refreshing native plugins compatible for Editor in 137.48 ms, found 4 plugins.
Preloading 0 native plugins for Editor in 0.00 ms.
Mono: successfully reloaded assembly
- Completed reload, in  0.887 seconds
Domain Reload Profiling:
	ReloadAssembly (888ms)
		BeginReloadAssembly (105ms)
			ExecutionOrderSort (0ms)
			DisableScriptedObjects (0ms)
			BackupInstance (0ms)
			ReleaseScriptingObjects (0ms)
			CreateAndSetChildDomain (1ms)
		EndReloadAssembly (603ms)
			LoadAssemblies (98ms)
			RebuildTransferFunctionScriptingTraits (0ms)
			SetupTypeCache (154ms)
			ReleaseScriptCaches (0ms)
			RebuildScriptCaches (31ms)
			SetupLoadedEditorAssemblies (358ms)
				LogAssemblyErrors (0ms)
				InitializePlatformSupportModulesInManaged (72ms)
				SetLoadedEditorAssemblies (0ms)
				RefreshPlugins (138ms)
				BeforeProcessingInitializeOnLoad (1ms)
				ProcessInitializeOnLoadAttributes (96ms)
				ProcessInitializeOnLoadMethodAttributes (51ms)
				AfterProcessingInitializeOnLoad (0ms)
				EditorAssembliesLoaded (0ms)
			ExecutionOrderSort2 (0ms)
			AwakeInstancesAfterBackupRestoration (0ms)
Platform modules already initialized, skipping
Registering precompiled user dll's ...
Registered in 0.011341 seconds.
Begin MonoManager ReloadAssembly
Symbol file LoadedFromMemory doesn't match image E:\AR_SelfImage_Project\Library\PackageCache\com.unity.visualscripting@1.7.8\Editor\VisualScripting.Core\Dependencies\YamlDotNet\Unity.VisualScripting.YamlDotNet.dll
Symbol file LoadedFromMemory doesn't match image E:\AR_SelfImage_Project\Library\PackageCache\com.unity.visualscripting@1.7.8\Editor\VisualScripting.Core\Dependencies\DotNetZip\Unity.VisualScripting.IonicZip.dll
Native extension for WindowsStandalone target not found
Native extension for Android target not found
Refreshing native plugins compatible for Editor in 150.78 ms, found 4 plugins.
Preloading 0 native plugins for Editor in 0.00 ms.
System.Exception: Error! Visual Scripting: couldn't find visual scripting package
  at Unity.VisualScripting.PackageVersionUtility.get_version () [0x00043] in E:\AR_SelfImage_Project\Library\PackageCache\com.unity.visualscripting@1.7.8\Editor\VisualScripting.Core\Utilities\PackageVersionUtility.cs:31 
  at Unity.VisualScripting.BoltCoreManifest.get_version () [0x00000] in E:\AR_SelfImage_Project\Library\PackageCache\com.unity.visualscripting@1.7.8\Editor\VisualScripting.Core\Plugin\BoltCoreManifest.cs:11 
  at Unity.VisualScripting.PluginManifest.get_currentVersion () [0x00000] in E:\AR_SelfImage_Project\Library\PackageCache\com.unity.visualscripting@1.7.8\Editor\VisualScripting.Core\Plugins\PluginManifest.cs:33 
  at Unity.VisualScripting.PluginManifest.get_versionMismatch () [0x00000] in E:\AR_SelfImage_Project\Library\PackageCache\com.unity.visualscripting@1.7.8\Editor\VisualScripting.Core\Plugins\PluginManifest.cs:48 
  at Unity.VisualScripting.PluginContainer.Initialize () [0x00525] in E:\AR_SelfImage_Project\Library\PackageCache\com.unity.visualscripting@1.7.8\Editor\VisualScripting.Core\Plugins\PluginContainer.cs:208 
  at Unity.VisualScripting.PluginContainer.InitializeOnLoad () [0x00009] in E:\AR_SelfImage_Project\Library\PackageCache\com.unity.visualscripting@1.7.8\Editor\VisualScripting.Core\Plugins\PluginContainer.cs:32 
  at Unity.VisualScripting.VSUsageUtility.DoInitializeOnLoadCalls () [0x00034] in E:\AR_SelfImage_Project\Library\PackageCache\com.unity.visualscripting@1.7.8\Editor\VisualScripting.Core\Utilities\VSUsageUtility.cs:76 
  at Unity.VisualScripting.VSUsageUtility.set_isVisualScriptingUsed (System.Boolean value) [0x0002c] in E:\AR_SelfImage_Project\Library\PackageCache\com.unity.visualscripting@1.7.8\Editor\VisualScripting.Core\Utilities\VSUsageUtility.cs:114 
  at Unity.VisualScripting.VSUsageUtility.CheckAndSetIsVisualScriptingUsed () [0x00032] in E:\AR_SelfImage_Project\Library\PackageCache\com.unity.visualscripting@1.7.8\Editor\VisualScripting.Core\Utilities\VSUsageUtility.cs:48 
  at Unity.VisualScripting.VSUsageUtility..cctor () [0x00000] in E:\AR_SelfImage_Project\Library\PackageCache\com.unity.visualscripting@1.7.8\Editor\VisualScripting.Core\Utilities\VSUsageUtility.cs:22 
UnityEngine.StackTraceUtility:ExtractStackTrace ()
UnityEngine.DebugLogHandler:LogFormat (UnityEngine.LogType,UnityEngine.Object,string,object[])
UnityEngine.Logger:Log (UnityEngine.LogType,object)
UnityEngine.Debug:LogError (object)
UnityEditor.EditorAssemblies:ProcessInitializeOnLoadAttributes (System.Type[])

Package Manager log level set to [2]
Mono: successfully reloaded assembly
- Completed reload, in  2.620 seconds
Domain Reload Profiling:
	ReloadAssembly (2621ms)
		BeginReloadAssembly (245ms)
			ExecutionOrderSort (0ms)
			DisableScriptedObjects (7ms)
			BackupInstance (0ms)
			ReleaseScriptingObjects (0ms)
			CreateAndSetChildDomain (137ms)
		EndReloadAssembly (2236ms)
			LoadAssemblies (132ms)
			RebuildTransferFunctionScriptingTraits (0ms)
			SetupTypeCache (443ms)
			ReleaseScriptCaches (1ms)
			RebuildScriptCaches (128ms)
			SetupLoadedEditorAssemblies (1471ms)
				LogAssemblyErrors (0ms)
				InitializePlatformSupportModulesInManaged (17ms)
				SetLoadedEditorAssemblies (0ms)
				RefreshPlugins (151ms)
				BeforeProcessingInitializeOnLoad (191ms)
				ProcessInitializeOnLoadAttributes (1008ms)
				ProcessInitializeOnLoadMethodAttributes (96ms)
				AfterProcessingInitializeOnLoad (9ms)
				EditorAssembliesLoaded (0ms)
			ExecutionOrderSort2 (0ms)
			AwakeInstancesAfterBackupRestoration (9ms)
Platform modules already initialized, skipping
========================================================================
Worker process is ready to serve import requests
Launched and connected shader compiler UnityShaderCompiler.exe after 0.12 seconds
Refreshing native plugins compatible for Editor in 3.20 ms, found 4 plugins.
Preloading 0 native plugins for Editor in 0.00 ms.
Unloading 6534 Unused Serialized files (Serialized files now loaded: 0)
Unloading 60 unused Assets / (2.0 MB). Loaded Objects now: 6982.
Memory consumption went from 253.9 MB to 252.0 MB.
Total: 24.911600 ms (FindLiveObjects: 1.284900 ms CreateObjectMapping: 0.566400 ms MarkObjects: 21.455800 ms  DeleteObjects: 1.601600 ms)

AssetImportParameters requested are different than current active one (requested -> active):
  custom:video-decoder-ogg-theora: a1e56fd34408186e4bbccfd4996cb3dc -> 
  custom:container-muxer-webm: aa71ff27fc2769a1b78a27578f13a17b -> 
  custom:container-demuxer-webm: 4f35f7cbe854078d1ac9338744f61a02 -> 
  custom:video-encoder-webm-vp8: eb34c28f22e8b96e1ab97ce403110664 -> 
  custom:audio-encoder-webm-vorbis: bf7c407c2cedff20999df2af8eb42d56 -> 
  custom:framework-win-MediaFoundation: 216162199b28c13a410421893ffa2e32 -> 
  custom:container-demuxer-ogg: 62fdf1f143b41e24485cea50d1cbac27 -> 
  custom:video-decoder-webm-vp8: 9c59270c3fd7afecdb556c50c9e8de78 -> 
  custom:audio-decoder-ogg-vorbis: bf7c407c2cedff20999df2af8eb42d56 -> 
========================================================================
Received Import Request.
  Time since last request: 9319.484847 seconds.
  path: Assets/Images/Settore F/f.6.2.png
  artifactKey: Guid(25b2251425cbd834cb617e16e53a6bda) Importer(815301076,1909f56bfc062723c751e8b465ee728b)
Start importing Assets/Images/Settore F/f.6.2.png using Guid(25b2251425cbd834cb617e16e53a6bda) Importer(815301076,1909f56bfc062723c751e8b465ee728b)  -> (artifact id: 'd3a9b7f47e9ad2ea8ed774e8e19ee7e8') in 0.339950 seconds 
========================================================================
Received Import Request.
  Time since last request: 0.000031 seconds.
  path: Assets/Images/Settore F/f.8.4.png
  artifactKey: Guid(1515f9428128fab468bcc7e6a65204be) Importer(815301076,1909f56bfc062723c751e8b465ee728b)
Start importing Assets/Images/Settore F/f.8.4.png using Guid(1515f9428128fab468bcc7e6a65204be) Importer(815301076,1909f56bfc062723c751e8b465ee728b)  -> (artifact id: 'f072c85408782bb7a77f7f6e3b7ce562') in 0.151573 seconds 
========================================================================
Received Import Request.
  Time since last request: 0.000040 seconds.
  path: Assets/Images/Settore F/f.2.1.png
  artifactKey: Guid(f14e4ee634d6cf5458b278f604134f5d) Importer(815301076,1909f56bfc062723c751e8b465ee728b)
Start importing Assets/Images/Settore F/f.2.1.png using Guid(f14e4ee634d6cf5458b278f604134f5d) Importer(815301076,1909f56bfc062723c751e8b465ee728b)  -> (artifact id: 'daca7cb5ed77af3a88bb3b21a4bcd31c') in 0.168513 seconds 
========================================================================
Received Import Request.
  Time since last request: 0.000143 seconds.
  path: Assets/Images/Settore F/f.1.1.png
  artifactKey: Guid(550f577659365eb4b8d0934530fe734d) Importer(815301076,1909f56bfc062723c751e8b465ee728b)
Start importing Assets/Images/Settore F/f.1.1.png using Guid(550f577659365eb4b8d0934530fe734d) Importer(815301076,1909f56bfc062723c751e8b465ee728b)  -> (artifact id: 'b2e76e215fa4a9520bceac9020bf56a2') in 0.199032 seconds 
========================================================================
Received Import Request.
  Time since last request: 0.000029 seconds.
  path: Assets/Images/Settore F/f.9.3.png
  artifactKey: Guid(e04b059907a5a4a44a7b1732a5d209ca) Importer(815301076,1909f56bfc062723c751e8b465ee728b)
Start importing Assets/Images/Settore F/f.9.3.png using Guid(e04b059907a5a4a44a7b1732a5d209ca) Importer(815301076,1909f56bfc062723c751e8b465ee728b)  -> (artifact id: '62b350caa2943e2861849dcb6d2d48ae') in 0.165960 seconds 
========================================================================
Received Import Request.
  Time since last request: 0.000035 seconds.
  path: Assets/Images/Settore F/f.8.1.png
  artifactKey: Guid(61522e4cbe502014f97cf309d43fa7f9) Importer(815301076,1909f56bfc062723c751e8b465ee728b)
Start importing Assets/Images/Settore F/f.8.1.png using Guid(61522e4cbe502014f97cf309d43fa7f9) Importer(815301076,1909f56bfc062723c751e8b465ee728b)  -> (artifact id: 'da439c448ea4432240844fedc5238306') in 0.123785 seconds 
========================================================================
Received Import Request.
  Time since last request: 0.000027 seconds.
  path: Assets/Images/Settore F/f.9.1.png
  artifactKey: Guid(bc90cb5a4e4921b40af32742dd19f814) Importer(815301076,1909f56bfc062723c751e8b465ee728b)
Start importing Assets/Images/Settore F/f.9.1.png using Guid(bc90cb5a4e4921b40af32742dd19f814) Importer(815301076,1909f56bfc062723c751e8b465ee728b)  -> (artifact id: 'adcdba6b99f2a5ab3f66a0d712c44861') in 0.185692 seconds 
========================================================================
Received Import Request.
  Time since last request: 0.000032 seconds.
  path: Assets/Images/Settore F/f.6.1.png
  artifactKey: Guid(2a61b09ef5398fe439f925da93c82938) Importer(815301076,1909f56bfc062723c751e8b465ee728b)
Start importing Assets/Images/Settore F/f.6.1.png using Guid(2a61b09ef5398fe439f925da93c82938) Importer(815301076,1909f56bfc062723c751e8b465ee728b)  -> (artifact id: 'cf56f55646400c2abf04b7edd12856d4') in 0.151983 seconds 
========================================================================
Received Import Request.
  Time since last request: 0.000036 seconds.
  path: Assets/Images/Immagini Intere/A - pittorico-figurativo-grafico/image_Studija-slike-Salvador-Dali-Sleep_680-1536x1139.jpg.jpg
  artifactKey: Guid(3e7d7e43a3145234e83f4bd5d812a8a5) Importer(815301076,1909f56bfc062723c751e8b465ee728b)
Start importing Assets/Images/Immagini Intere/A - pittorico-figurativo-grafico/image_Studija-slike-Salvador-Dali-Sleep_680-1536x1139.jpg.jpg using Guid(3e7d7e43a3145234e83f4bd5d812a8a5) Importer(815301076,1909f56bfc062723c751e8b465ee728b)  -> (artifact id: 'c817775e5eebd1755fa377469e855363') in 0.185415 seconds 
========================================================================
Received Import Request.
  Time since last request: 0.000033 seconds.
  path: Assets/Images/Immagini Intere/A - pittorico-figurativo-grafico/M-Maybe (A Girl s Picture) by Roy Lichtenstein.jpg
  artifactKey: Guid(9b6b3738a6671d34e90d3535e805fb25) Importer(815301076,1909f56bfc062723c751e8b465ee728b)
Start importing Assets/Images/Immagini Intere/A - pittorico-figurativo-grafico/M-Maybe (A Girl s Picture) by Roy Lichtenstein.jpg using Guid(9b6b3738a6671d34e90d3535e805fb25) Importer(815301076,1909f56bfc062723c751e8b465ee728b)  -> (artifact id: '626287036bd196a1dda3a448b1a1b8c7') in 0.241372 seconds 
========================================================================
Received Import Request.
  Time since last request: 0.000050 seconds.
  path: Assets/Images/Settore F/f.8.2.png
  artifactKey: Guid(12d3901c3e7bf4b4b8b6d283fb68ea3b) Importer(815301076,1909f56bfc062723c751e8b465ee728b)
Start importing Assets/Images/Settore F/f.8.2.png using Guid(12d3901c3e7bf4b4b8b6d283fb68ea3b) Importer(815301076,1909f56bfc062723c751e8b465ee728b)  -> (artifact id: 'dfd368765badb1ad33e390dc37411047') in 0.131960 seconds 
========================================================================
Received Import Request.
  Time since last request: 40.485140 seconds.
  path: Assets/Images/Settore E/e.1.1.png
  artifactKey: Guid(e1dd1ef19c135d84da8cc228af3be29a) Importer(815301076,1909f56bfc062723c751e8b465ee728b)
Start importing Assets/Images/Settore E/e.1.1.png using Guid(e1dd1ef19c135d84da8cc228af3be29a) Importer(815301076,1909f56bfc062723c751e8b465ee728b)  -> (artifact id: '28fc99ba40a4c2b06d1d027210bf8fdc') in 0.178613 seconds 
========================================================================
Received Import Request.
  Time since last request: 0.000053 seconds.
  path: Assets/Images/Settore E/e.8.1.png
  artifactKey: Guid(674c73c34b21ef440b2eaf4af67c3aa4) Importer(815301076,1909f56bfc062723c751e8b465ee728b)
Start importing Assets/Images/Settore E/e.8.1.png using Guid(674c73c34b21ef440b2eaf4af67c3aa4) Importer(815301076,1909f56bfc062723c751e8b465ee728b)  -> (artifact id: 'ab0db4e4f256e985af3441374f5e95d5') in 0.127369 seconds 
========================================================================
Received Import Request.
  Time since last request: 0.000041 seconds.
  path: Assets/Images/Settore E/e.9.2.png
  artifactKey: Guid(bdb99a06c811df04ca875ee35a886d8f) Importer(815301076,1909f56bfc062723c751e8b465ee728b)
Start importing Assets/Images/Settore E/e.9.2.png using Guid(bdb99a06c811df04ca875ee35a886d8f) Importer(815301076,1909f56bfc062723c751e8b465ee728b)  -> (artifact id: '350e88c9cb1b2c9609782e870b0e5334') in 0.162739 seconds 
========================================================================
Received Import Request.
  Time since last request: 0.000037 seconds.
  path: Assets/Images/Settore E/e.6.3.png
  artifactKey: Guid(54e12e12db4752740bca635dedcfc407) Importer(815301076,1909f56bfc062723c751e8b465ee728b)
Start importing Assets/Images/Settore E/e.6.3.png using Guid(54e12e12db4752740bca635dedcfc407) Importer(815301076,1909f56bfc062723c751e8b465ee728b)  -> (artifact id: '83512b6134bf50be867a2746ecc5589f') in 0.158881 seconds 
========================================================================
Received Import Request.
  Time since last request: 0.000043 seconds.
  path: Assets/Images/Settore E/e.8.4.png
  artifactKey: Guid(3ca846b01625e5d40bcd5f716a803e23) Importer(815301076,1909f56bfc062723c751e8b465ee728b)
Start importing Assets/Images/Settore E/e.8.4.png using Guid(3ca846b01625e5d40bcd5f716a803e23) Importer(815301076,1909f56bfc062723c751e8b465ee728b)  -> (artifact id: '6de56086ea8e55c4aa6aece439dd1dfe') in 0.152963 seconds 
========================================================================
Received Import Request.
  Time since last request: 0.000043 seconds.
  path: Assets/Images/Settore E/e.8.2.png
  artifactKey: Guid(3c9720095fefb0d4cb73278a4940ba47) Importer(815301076,1909f56bfc062723c751e8b465ee728b)
Start importing Assets/Images/Settore E/e.8.2.png using Guid(3c9720095fefb0d4cb73278a4940ba47) Importer(815301076,1909f56bfc062723c751e8b465ee728b)  -> (artifact id: 'dafe5e884aa1d319f566af7365a43c34') in 0.168953 seconds 
========================================================================
Received Import Request.
  Time since last request: 0.000029 seconds.
  path: Assets/Images/Settore E/e.3.1..png
  artifactKey: Guid(bc3ecfe61a04de84687414169b00428f) Importer(815301076,1909f56bfc062723c751e8b465ee728b)
Start importing Assets/Images/Settore E/e.3.1..png using Guid(bc3ecfe61a04de84687414169b00428f) Importer(815301076,1909f56bfc062723c751e8b465ee728b)  -> (artifact id: '245a81b202847b5dc82f9693734b7a36') in 0.163423 seconds 
========================================================================
Received Import Request.
  Time since last request: 0.000037 seconds.
  path: Assets/Images/Settore E/e.4.3.png
  artifactKey: Guid(1adb0e833b446844da439e7bf7674a5c) Importer(815301076,1909f56bfc062723c751e8b465ee728b)
Start importing Assets/Images/Settore E/e.4.3.png using Guid(1adb0e833b446844da439e7bf7674a5c) Importer(815301076,1909f56bfc062723c751e8b465ee728b)  -> (artifact id: '0366b70a466452ccee1b6c6d0a06e897') in 0.180651 seconds 
========================================================================
Received Import Request.
  Time since last request: 5.522802 seconds.
  path: Assets/Images/Settore E/e.3.1.png
  artifactKey: Guid(bc3ecfe61a04de84687414169b00428f) Importer(815301076,1909f56bfc062723c751e8b465ee728b)
Start importing Assets/Images/Settore E/e.3.1.png using Guid(bc3ecfe61a04de84687414169b00428f) Importer(815301076,1909f56bfc062723c751e8b465ee728b)  -> (artifact id: '9888f2c3de65e577c91e7fae87db24a3') in 0.102121 seconds 
========================================================================
Received Import Request.
  Time since last request: 15.723026 seconds.
  path: Assets/Images/Settore E/e.9.3.png
  artifactKey: Guid(eba22c16338ee394d90fa785349bbb46) Importer(815301076,1909f56bfc062723c751e8b465ee728b)
Start importing Assets/Images/Settore E/e.9.3.png using Guid(eba22c16338ee394d90fa785349bbb46) Importer(815301076,1909f56bfc062723c751e8b465ee728b)  -> (artifact id: '59dad05e356708870cfa4f36c760a1f8') in 0.099624 seconds 
========================================================================
Received Import Request.
  Time since last request: 16.259887 seconds.
  path: Assets/Images/Settore D/ClusterD.asset
  artifactKey: Guid(6243b82838487c44c810096541ee96fc) Importer(815301076,1909f56bfc062723c751e8b465ee728b)
Start importing Assets/Images/Settore D/ClusterD.asset using Guid(6243b82838487c44c810096541ee96fc) Importer(815301076,1909f56bfc062723c751e8b465ee728b)  -> (artifact id: 'ec58085bd231314d5a88f075bc3b87da') in 0.072857 seconds 
========================================================================
Received Import Request.
  Time since last request: 0.000035 seconds.
  path: Assets/Images/Settore D/d.7.4.png
  artifactKey: Guid(d8a7c221520ddc447951bdf67949cac9) Importer(815301076,1909f56bfc062723c751e8b465ee728b)
Start importing Assets/Images/Settore D/d.7.4.png using Guid(d8a7c221520ddc447951bdf67949cac9) Importer(815301076,1909f56bfc062723c751e8b465ee728b)  -> (artifact id: '7ae736ae160b8921a6670367dff817ae') in 0.210800 seconds 
========================================================================
Received Import Request.
  Time since last request: 0.000044 seconds.
  path: Assets/Images/Settore D/D.4.3.png
  artifactKey: Guid(f55afb87615d50b43b1e98370407468a) Importer(815301076,1909f56bfc062723c751e8b465ee728b)
Start importing Assets/Images/Settore D/D.4.3.png using Guid(f55afb87615d50b43b1e98370407468a) Importer(815301076,1909f56bfc062723c751e8b465ee728b)  -> (artifact id: '1fd785c08dcb7d487f279a41194348b4') in 0.170442 seconds 
========================================================================
Received Import Request.
  Time since last request: 0.000025 seconds.
  path: Assets/Images/Settore D/D.3.4.png
  artifactKey: Guid(1e74eb305977bba4d8c4556059bfcbb9) Importer(815301076,1909f56bfc062723c751e8b465ee728b)
Start importing Assets/Images/Settore D/D.3.4.png using Guid(1e74eb305977bba4d8c4556059bfcbb9) Importer(815301076,1909f56bfc062723c751e8b465ee728b)  -> (artifact id: 'e0213fe2590b0da53f7b3a66307df64d') in 0.144446 seconds 
========================================================================
Received Import Request.
  Time since last request: 0.000025 seconds.
  path: Assets/Images/Settore D/d.6.3.png
  artifactKey: Guid(aab572d03b992ee4c9dfd1975ff9eee3) Importer(815301076,1909f56bfc062723c751e8b465ee728b)
Start importing Assets/Images/Settore D/d.6.3.png using Guid(aab572d03b992ee4c9dfd1975ff9eee3) Importer(815301076,1909f56bfc062723c751e8b465ee728b)  -> (artifact id: '2d195d9adf232f1cf6715b2bf65a6e2c') in 0.147203 seconds 
========================================================================
Received Import Request.
  Time since last request: 0.000043 seconds.
  path: Assets/Images/Settore D/d.9.1.png
  artifactKey: Guid(45ebfeb6b2657c44a95e829154d32527) Importer(815301076,1909f56bfc062723c751e8b465ee728b)
Start importing Assets/Images/Settore D/d.9.1.png using Guid(45ebfeb6b2657c44a95e829154d32527) Importer(815301076,1909f56bfc062723c751e8b465ee728b)  -> (artifact id: '4cebbdcb4a836b1a6ead53e5874d1f6c') in 0.169191 seconds 
========================================================================
Received Import Request.
  Time since last request: 0.000051 seconds.
  path: Assets/Images/Settore D/d.10.1.png
  artifactKey: Guid(72dd495fe6887c54ba9f29cd6866684a) Importer(815301076,1909f56bfc062723c751e8b465ee728b)
Start importing Assets/Images/Settore D/d.10.1.png using Guid(72dd495fe6887c54ba9f29cd6866684a) Importer(815301076,1909f56bfc062723c751e8b465ee728b)  -> (artifact id: 'bd8324b122b8cb080b3b5dee19556703') in 0.179765 seconds 
========================================================================
Received Import Request.
  Time since last request: 0.000031 seconds.
  path: Assets/Images/Settore D/d.6.1.png
  artifactKey: Guid(41659b09eddcb5a46896581439929f9d) Importer(815301076,1909f56bfc062723c751e8b465ee728b)
Start importing Assets/Images/Settore D/d.6.1.png using Guid(41659b09eddcb5a46896581439929f9d) Importer(815301076,1909f56bfc062723c751e8b465ee728b)  -> (artifact id: '4be030a434fe6992b0f3b9e97d0bb757') in 0.171645 seconds 
========================================================================
Received Import Request.
  Time since last request: 0.000039 seconds.
  path: Assets/Images/Settore D/D.3.1.png
  artifactKey: Guid(2fd3328ea3d248449b3a6017ad12d5da) Importer(815301076,1909f56bfc062723c751e8b465ee728b)
Start importing Assets/Images/Settore D/D.3.1.png using Guid(2fd3328ea3d248449b3a6017ad12d5da) Importer(815301076,1909f56bfc062723c751e8b465ee728b)  -> (artifact id: '1bda043343eb9723bddfa3bbc5f27ec1') in 0.163626 seconds 
========================================================================
Received Import Request.
  Time since last request: 0.000024 seconds.
  path: Assets/Images/Settore D/d.9.3.png
  artifactKey: Guid(b2c2f35a71faa4549b70bfaf0ffc22de) Importer(815301076,1909f56bfc062723c751e8b465ee728b)
Start importing Assets/Images/Settore D/d.9.3.png using Guid(b2c2f35a71faa4549b70bfaf0ffc22de) Importer(815301076,1909f56bfc062723c751e8b465ee728b)  -> (artifact id: '8e66f8c81b038a2ab4db3d99b5cac3f1') in 0.159768 seconds 
========================================================================
Received Import Request.
  Time since last request: 42.650562 seconds.
  path: Assets/Images/Settore D/d.1.1.png
  artifactKey: Guid(b83257c09225eac4ca6381619fc0a245) Importer(815301076,1909f56bfc062723c751e8b465ee728b)
Start importing Assets/Images/Settore D/d.1.1.png using Guid(b83257c09225eac4ca6381619fc0a245) Importer(815301076,1909f56bfc062723c751e8b465ee728b)  -> (artifact id: '753c4e2eaa1967b1788009105c0a4c3d') in 0.118145 seconds 
========================================================================
Received Import Request.
  Time since last request: 9.020209 seconds.
  path: Assets/Images/Settore D/d.1.2.png
  artifactKey: Guid(b8f3862b8ff5adf4e9302c6cbcfff0b0) Importer(815301076,1909f56bfc062723c751e8b465ee728b)
Start importing Assets/Images/Settore D/d.1.2.png using Guid(b8f3862b8ff5adf4e9302c6cbcfff0b0) Importer(815301076,1909f56bfc062723c751e8b465ee728b)  -> (artifact id: '839893a6180175282f6fcd49fe023e01') in 0.121194 seconds 
========================================================================
Received Import Request.
  Time since last request: 4.406118 seconds.
  path: Assets/Images/Settore D/d.1.3.png
  artifactKey: Guid(0724a668e7ed4cb45bc2a9313b1a0ac5) Importer(815301076,1909f56bfc062723c751e8b465ee728b)
Start importing Assets/Images/Settore D/d.1.3.png using Guid(0724a668e7ed4cb45bc2a9313b1a0ac5) Importer(815301076,1909f56bfc062723c751e8b465ee728b)  -> (artifact id: '3bda683b4fa35885d78b103a0795e9e4') in 0.100556 seconds 
========================================================================
Received Import Request.
  Time since last request: 5.384840 seconds.
  path: Assets/Images/Settore D/d.2.1..png
  artifactKey: Guid(034bdaa9f23b78145be43ba5beee8c6e) Importer(815301076,1909f56bfc062723c751e8b465ee728b)
Start importing Assets/Images/Settore D/d.2.1..png using Guid(034bdaa9f23b78145be43ba5beee8c6e) Importer(815301076,1909f56bfc062723c751e8b465ee728b)  -> (artifact id: '1776a4f4960ffe0b914d45ba7c530eb6') in 0.109547 seconds 
========================================================================
Received Import Request.
  Time since last request: 4.501752 seconds.
  path: Assets/Images/Settore D/d.2.2.png
  artifactKey: Guid(1d2487fcdce01e14ab09b57b22f987c3) Importer(815301076,1909f56bfc062723c751e8b465ee728b)
Start importing Assets/Images/Settore D/d.2.2.png using Guid(1d2487fcdce01e14ab09b57b22f987c3) Importer(815301076,1909f56bfc062723c751e8b465ee728b)  -> (artifact id: '8418a20db82fce6e27dc0d979f033b70') in 0.099070 seconds 
========================================================================
Received Import Request.
  Time since last request: 4.178647 seconds.
  path: Assets/Images/Settore D/d.2.3.png
  artifactKey: Guid(7e97f6af5daef844ba7f5d44858a0a5e) Importer(815301076,1909f56bfc062723c751e8b465ee728b)
Start importing Assets/Images/Settore D/d.2.3.png using Guid(7e97f6af5daef844ba7f5d44858a0a5e) Importer(815301076,1909f56bfc062723c751e8b465ee728b)  -> (artifact id: 'a37424bbe56f702db97990aab279ecc0') in 0.112329 seconds 
========================================================================
Received Import Request.
  Time since last request: 3.587991 seconds.
  path: Assets/Images/Settore D/d.2.4.png
  artifactKey: Guid(232a2c734d19adc428fdb55e5ebde16c) Importer(815301076,1909f56bfc062723c751e8b465ee728b)
Start importing Assets/Images/Settore D/d.2.4.png using Guid(232a2c734d19adc428fdb55e5ebde16c) Importer(815301076,1909f56bfc062723c751e8b465ee728b)  -> (artifact id: '89dcc535431aa3072591bf281d5aca49') in 0.101001 seconds 
========================================================================
Received Import Request.
  Time since last request: 4.496074 seconds.
  path: Assets/Images/Settore D/d.3.1.png
  artifactKey: Guid(2fd3328ea3d248449b3a6017ad12d5da) Importer(815301076,1909f56bfc062723c751e8b465ee728b)
Start importing Assets/Images/Settore D/d.3.1.png using Guid(2fd3328ea3d248449b3a6017ad12d5da) Importer(815301076,1909f56bfc062723c751e8b465ee728b)  -> (artifact id: '6fe6d5673601a83951cdced8cd9ced8b') in 0.109155 seconds 
========================================================================
Received Import Request.
  Time since last request: 3.922486 seconds.
  path: Assets/Images/Settore D/d.3.2.png
  artifactKey: Guid(ca4ec0f4f2ed0c44895e23c2b872c288) Importer(815301076,1909f56bfc062723c751e8b465ee728b)
Start importing Assets/Images/Settore D/d.3.2.png using Guid(ca4ec0f4f2ed0c44895e23c2b872c288) Importer(815301076,1909f56bfc062723c751e8b465ee728b)  -> (artifact id: 'ffcac8cfe95de37da1fe047cc401d210') in 0.111715 seconds 
========================================================================
Received Import Request.
  Time since last request: 5.161929 seconds.
  path: Assets/Images/Settore D/d.3.3.png
  artifactKey: Guid(d65ddaffe88e29e4d99597dead56c6d1) Importer(815301076,1909f56bfc062723c751e8b465ee728b)
Start importing Assets/Images/Settore D/d.3.3.png using Guid(d65ddaffe88e29e4d99597dead56c6d1) Importer(815301076,1909f56bfc062723c751e8b465ee728b)  -> (artifact id: '78cacff3b9055877f7f6199b021e1744') in 0.113587 seconds 
========================================================================
Received Import Request.
  Time since last request: 8.243874 seconds.
  path: Assets/Images/Settore D/d.3.4.png
  artifactKey: Guid(1e74eb305977bba4d8c4556059bfcbb9) Importer(815301076,1909f56bfc062723c751e8b465ee728b)
Start importing Assets/Images/Settore D/d.3.4.png using Guid(1e74eb305977bba4d8c4556059bfcbb9) Importer(815301076,1909f56bfc062723c751e8b465ee728b)  -> (artifact id: '4739ba71a159ce954d6df2f7afcf00a4') in 0.106216 seconds 
========================================================================
Received Import Request.
  Time since last request: 6.052163 seconds.
  path: Assets/Images/Settore D/d.4.1.png
  artifactKey: Guid(4ae982d04b133014d825b1aa0f6b4106) Importer(815301076,1909f56bfc062723c751e8b465ee728b)
Start importing Assets/Images/Settore D/d.4.1.png using Guid(4ae982d04b133014d825b1aa0f6b4106) Importer(815301076,1909f56bfc062723c751e8b465ee728b)  -> (artifact id: '2ad5c898a887638325abdb2119385bfa') in 0.135644 seconds 
========================================================================
Received Import Request.
  Time since last request: 3.058156 seconds.
  path: Assets/Images/Settore D/d.4.2.png
  artifactKey: Guid(1860071db6d364e4c8b84070c58ed5ef) Importer(815301076,1909f56bfc062723c751e8b465ee728b)
Start importing Assets/Images/Settore D/d.4.2.png using Guid(1860071db6d364e4c8b84070c58ed5ef) Importer(815301076,1909f56bfc062723c751e8b465ee728b)  -> (artifact id: 'f216e1720ade7e2bf2e69b63324f9898') in 0.120749 seconds 
========================================================================
Received Import Request.
  Time since last request: 5.569686 seconds.
  path: Assets/Images/Settore D/d.4.3.png
  artifactKey: Guid(f55afb87615d50b43b1e98370407468a) Importer(815301076,1909f56bfc062723c751e8b465ee728b)
Start importing Assets/Images/Settore D/d.4.3.png using Guid(f55afb87615d50b43b1e98370407468a) Importer(815301076,1909f56bfc062723c751e8b465ee728b)  -> (artifact id: 'f16e18108adf64d68626358e6f9dfc78') in 0.114674 seconds 
========================================================================
Received Import Request.
  Time since last request: 3.472691 seconds.
  path: Assets/Images/Settore D/d.5.1.png
  artifactKey: Guid(75497df930a97864bb98ba6c889a5d1a) Importer(815301076,1909f56bfc062723c751e8b465ee728b)
Start importing Assets/Images/Settore D/d.5.1.png using Guid(75497df930a97864bb98ba6c889a5d1a) Importer(815301076,1909f56bfc062723c751e8b465ee728b)  -> (artifact id: 'bd6ba371b4f364f2a6e22c745fa06b6d') in 0.095705 seconds 
========================================================================
Received Import Request.
  Time since last request: 3.530325 seconds.
  path: Assets/Images/Settore A/A_1_0.png
  artifactKey: Guid(45fbf64f913156d49996db111cd73d52) Importer(815301076,1909f56bfc062723c751e8b465ee728b)
Start importing Assets/Images/Settore A/A_1_0.png using Guid(45fbf64f913156d49996db111cd73d52) Importer(815301076,1909f56bfc062723c751e8b465ee728b)  -> (artifact id: '75b2c0ff25c74c1c2fde82dbe7aa1816') in 0.170323 seconds 
========================================================================
Received Import Request.
  Time since last request: 0.000032 seconds.
  path: Assets/Images/Settore A/A_1_4.png
  artifactKey: Guid(db27dc106b3b5894eb541024df5fb625) Importer(815301076,1909f56bfc062723c751e8b465ee728b)
Start importing Assets/Images/Settore A/A_1_4.png using Guid(db27dc106b3b5894eb541024df5fb625) Importer(815301076,1909f56bfc062723c751e8b465ee728b)  -> (artifact id: '6c5f8d600a5f5578c4e4eeab1a1a1f2d') in 0.093752 seconds 
========================================================================
Received Import Request.
  Time since last request: 0.000046 seconds.
  path: Assets/Images/Settore A/ClusterA.asset
  artifactKey: Guid(37e92352bd322a04ab360817d4840afb) Importer(815301076,1909f56bfc062723c751e8b465ee728b)
Start importing Assets/Images/Settore A/ClusterA.asset using Guid(37e92352bd322a04ab360817d4840afb) Importer(815301076,1909f56bfc062723c751e8b465ee728b)  -> (artifact id: '628cdc6d83bf9c192d5b63ceccf0d07e') in 0.018668 seconds 
========================================================================
Received Import Request.
  Time since last request: 0.000026 seconds.
  path: Assets/Images/Settore A/ClusterBTemp.asset
  artifactKey: Guid(c9dc3c4b852d70b4daa96e4ad9f89f1a) Importer(815301076,1909f56bfc062723c751e8b465ee728b)
Start importing Assets/Images/Settore A/ClusterBTemp.asset using Guid(c9dc3c4b852d70b4daa96e4ad9f89f1a) Importer(815301076,1909f56bfc062723c751e8b465ee728b)  -> (artifact id: '2a7f7ac55de41c89e6cdeaa16fb94c91') in 0.016143 seconds 
========================================================================
Received Import Request.
  Time since last request: 0.000024 seconds.
  path: Assets/Images/Settore A/A_2_0.png
  artifactKey: Guid(b6a5fb83411a98e42ad5aa81ea11eeef) Importer(815301076,1909f56bfc062723c751e8b465ee728b)
Start importing Assets/Images/Settore A/A_2_0.png using Guid(b6a5fb83411a98e42ad5aa81ea11eeef) Importer(815301076,1909f56bfc062723c751e8b465ee728b)  -> (artifact id: '1c67c385bd612f2de39250576b16f918') in 0.138897 seconds 
========================================================================
Received Import Request.
  Time since last request: 0.000032 seconds.
  path: Assets/Images/Settore A/A_2_3.png
  artifactKey: Guid(ad41e9b3e15c4a040b0cc1b5397b08f5) Importer(815301076,1909f56bfc062723c751e8b465ee728b)
Start importing Assets/Images/Settore A/A_2_3.png using Guid(ad41e9b3e15c4a040b0cc1b5397b08f5) Importer(815301076,1909f56bfc062723c751e8b465ee728b)  -> (artifact id: '8ffa1aef8e70256954ee934c2ecbd75b') in 0.139384 seconds 
========================================================================
Received Import Request.
  Time since last request: 0.000041 seconds.
  path: Assets/Images/Settore A/A_2_4.png
  artifactKey: Guid(71343c44c8d699949a2d5b3ff30e7c06) Importer(815301076,1909f56bfc062723c751e8b465ee728b)
Start importing Assets/Images/Settore A/A_2_4.png using Guid(71343c44c8d699949a2d5b3ff30e7c06) Importer(815301076,1909f56bfc062723c751e8b465ee728b)  -> (artifact id: '072ec8ae741ca5e2d5672a104af28922') in 0.151774 seconds 
========================================================================
Received Prepare
Registering precompiled user dll's ...
Registered in 0.009868 seconds.
Begin MonoManager ReloadAssembly
Symbol file LoadedFromMemory doesn't match image E:\AR_SelfImage_Project\Library\PackageCache\com.unity.visualscripting@1.7.8\Editor\VisualScripting.Core\Dependencies\YamlDotNet\Unity.VisualScripting.YamlDotNet.dll
Symbol file LoadedFromMemory doesn't match image E:\AR_SelfImage_Project\Library\PackageCache\com.unity.visualscripting@1.7.8\Editor\VisualScripting.Core\Dependencies\DotNetZip\Unity.VisualScripting.IonicZip.dll
Native extension for WindowsStandalone target not found
Native extension for Android target not found
Refreshing native plugins compatible for Editor in 2.26 ms, found 4 plugins.
Preloading 0 native plugins for Editor in 0.00 ms.
System.Exception: Error! Visual Scripting: couldn't find visual scripting package
  at Unity.VisualScripting.PackageVersionUtility.get_version () [0x00043] in E:\AR_SelfImage_Project\Library\PackageCache\com.unity.visualscripting@1.7.8\Editor\VisualScripting.Core\Utilities\PackageVersionUtility.cs:31 
  at Unity.VisualScripting.BoltCoreManifest.get_version () [0x00000] in E:\AR_SelfImage_Project\Library\PackageCache\com.unity.visualscripting@1.7.8\Editor\VisualScripting.Core\Plugin\BoltCoreManifest.cs:11 
  at Unity.VisualScripting.PluginManifest.get_currentVersion () [0x00000] in E:\AR_SelfImage_Project\Library\PackageCache\com.unity.visualscripting@1.7.8\Editor\VisualScripting.Core\Plugins\PluginManifest.cs:33 
  at Unity.VisualScripting.PluginManifest.get_versionMismatch () [0x00000] in E:\AR_SelfImage_Project\Library\PackageCache\com.unity.visualscripting@1.7.8\Editor\VisualScripting.Core\Plugins\PluginManifest.cs:48 
  at Unity.VisualScripting.PluginContainer.Initialize () [0x00525] in E:\AR_SelfImage_Project\Library\PackageCache\com.unity.visualscripting@1.7.8\Editor\VisualScripting.Core\Plugins\PluginContainer.cs:208 
  at Unity.VisualScripting.PluginContainer.InitializeOnLoad () [0x00009] in E:\AR_SelfImage_Project\Library\PackageCache\com.unity.visualscripting@1.7.8\Editor\VisualScripting.Core\Plugins\PluginContainer.cs:32 
  at Unity.VisualScripting.VSUsageUtility.DoInitializeOnLoadCalls () [0x00034] in E:\AR_SelfImage_Project\Library\PackageCache\com.unity.visualscripting@1.7.8\Editor\VisualScripting.Core\Utilities\VSUsageUtility.cs:76 
  at Unity.VisualScripting.VSUsageUtility.set_isVisualScriptingUsed (System.Boolean value) [0x0002c] in E:\AR_SelfImage_Project\Library\PackageCache\com.unity.visualscripting@1.7.8\Editor\VisualScripting.Core\Utilities\VSUsageUtility.cs:114 
  at Unity.VisualScripting.VSUsageUtility.CheckAndSetIsVisualScriptingUsed () [0x0000d] in E:\AR_SelfImage_Project\Library\PackageCache\com.unity.visualscripting@1.7.8\Editor\VisualScripting.Core\Utilities\VSUsageUtility.cs:33 
  at Unity.VisualScripting.VSUsageUtility..cctor () [0x00000] in E:\AR_SelfImage_Project\Library\PackageCache\com.unity.visualscripting@1.7.8\Editor\VisualScripting.Core\Utilities\VSUsageUtility.cs:22 
UnityEngine.StackTraceUtility:ExtractStackTrace ()
UnityEngine.DebugLogHandler:LogFormat (UnityEngine.LogType,UnityEngine.Object,string,object[])
UnityEngine.Logger:Log (UnityEngine.LogType,object)
UnityEngine.Debug:LogError (object)
UnityEditor.EditorAssemblies:ProcessInitializeOnLoadAttributes (System.Type[])

Mono: successfully reloaded assembly
- Completed reload, in  2.793 seconds
Domain Reload Profiling:
	ReloadAssembly (2794ms)
		BeginReloadAssembly (252ms)
			ExecutionOrderSort (0ms)
			DisableScriptedObjects (6ms)
			BackupInstance (0ms)
			ReleaseScriptingObjects (0ms)
			CreateAndSetChildDomain (79ms)
		EndReloadAssembly (2404ms)
			LoadAssemblies (182ms)
			RebuildTransferFunctionScriptingTraits (0ms)
			SetupTypeCache (449ms)
			ReleaseScriptCaches (3ms)
			RebuildScriptCaches (74ms)
			SetupLoadedEditorAssemblies (1274ms)
				LogAssemblyErrors (0ms)
				InitializePlatformSupportModulesInManaged (36ms)
				SetLoadedEditorAssemblies (1ms)
				RefreshPlugins (2ms)
				BeforeProcessingInitializeOnLoad (176ms)
				ProcessInitializeOnLoadAttributes (887ms)
				ProcessInitializeOnLoadMethodAttributes (157ms)
				AfterProcessingInitializeOnLoad (13ms)
				EditorAssembliesLoaded (1ms)
			ExecutionOrderSort2 (0ms)
			AwakeInstancesAfterBackupRestoration (18ms)
Platform modules already initialized, skipping
Refreshing native plugins compatible for Editor in 6.34 ms, found 4 plugins.
Preloading 0 native plugins for Editor in 0.00 ms.
Unloading 6350 Unused Serialized files (Serialized files now loaded: 0)
Unloading 50 unused Assets / (1.9 MB). Loaded Objects now: 7006.
Memory consumption went from 244.9 MB to 243.0 MB.
Total: 25.594600 ms (FindLiveObjects: 1.053200 ms CreateObjectMapping: 1.109600 ms MarkObjects: 21.486500 ms  DeleteObjects: 1.943900 ms)

AssetImportParameters requested are different than current active one (requested -> active):
  custom:video-decoder-ogg-theora: a1e56fd34408186e4bbccfd4996cb3dc -> 
  custom:container-muxer-webm: aa71ff27fc2769a1b78a27578f13a17b -> 
  custom:container-demuxer-webm: 4f35f7cbe854078d1ac9338744f61a02 -> 
  custom:video-encoder-webm-vp8: eb34c28f22e8b96e1ab97ce403110664 -> 
  custom:audio-encoder-webm-vorbis: bf7c407c2cedff20999df2af8eb42d56 -> 
  custom:framework-win-MediaFoundation: 216162199b28c13a410421893ffa2e32 -> 
  custom:container-demuxer-ogg: 62fdf1f143b41e24485cea50d1cbac27 -> 
  custom:video-decoder-webm-vp8: 9c59270c3fd7afecdb556c50c9e8de78 -> 
  custom:audio-decoder-ogg-vorbis: bf7c407c2cedff20999df2af8eb42d56 -> 
Editor requested this worker to shutdown with reason: Scaling down because of idle timeout
AssetImportWorker is now disconnected from the server
Process exiting
Exiting without the bug reporter. Application will terminate with return code 0