Using pre-set license
Built from '2021.3/staging' branch; Version is '2021.3.9f1 (ad3870b89536) revision 11352176'; Using compiler version '192829333'; Build Type 'Release'
OS: 'Windows 10  (10.0.19045) 64bit Core' Language: 'it' Physical Memory: 16323 MB
BatchMode: 1, IsHumanControllingUs: 0, StartBugReporterOnCrash: 0, Is64bit: 1, IsPro: 1

COMMAND LINE ARGUMENTS:
C:\Program Files\Unity\Hub\Editor\2021.3.9f1\Editor\Unity.exe
-adb2
-batchMode
-noUpm
-name
AssetImportWorker1
-projectPath
E:/AR_SelfImage_Project
-logFile
Logs/AssetImportWorker1.log
-srvPort
59850
Successfully changed project path to: E:/AR_SelfImage_Project
E:/AR_SelfImage_Project
[UnityMemory] Configuration Parameters - Can be set up in boot.config
    "memorysetup-bucket-allocator-granularity=16"
    "memorysetup-bucket-allocator-bucket-count=8"
    "memorysetup-bucket-allocator-block-size=33554432"
    "memorysetup-bucket-allocator-block-count=8"
    "memorysetup-main-allocator-block-size=16777216"
    "memorysetup-thread-allocator-block-size=16777216"
    "memorysetup-gfx-main-allocator-block-size=16777216"
    "memorysetup-gfx-thread-allocator-block-size=16777216"
    "memorysetup-cache-allocator-block-size=4194304"
    "memorysetup-typetree-allocator-block-size=2097152"
    "memorysetup-profiler-bucket-allocator-granularity=16"
    "memorysetup-profiler-bucket-allocator-bucket-count=8"
    "memorysetup-profiler-bucket-allocator-block-size=33554432"
    "memorysetup-profiler-bucket-allocator-block-count=8"
    "memorysetup-profiler-allocator-block-size=16777216"
    "memorysetup-profiler-editor-allocator-block-size=1048576"
    "memorysetup-temp-allocator-size-main=16777216"
    "memorysetup-job-temp-allocator-block-size=2097152"
    "memorysetup-job-temp-allocator-block-size-background=1048576"
    "memorysetup-job-temp-allocator-reduction-small-platforms=262144"
    "memorysetup-temp-allocator-size-background-worker=32768"
    "memorysetup-temp-allocator-size-job-worker=262144"
    "memorysetup-temp-allocator-size-preload-manager=33554432"
    "memorysetup-temp-allocator-size-nav-mesh-worker=65536"
    "memorysetup-temp-allocator-size-audio-worker=65536"
    "memorysetup-temp-allocator-size-cloud-worker=32768"
    "memorysetup-temp-allocator-size-gi-baking-worker=262144"
    "memorysetup-temp-allocator-size-gfx=262144"
Refreshing native plugins compatible for Editor in 133.67 ms, found 4 plugins.
Preloading 0 native plugins for Editor in 0.00 ms.
Initialize engine version: 2021.3.9f1 (ad3870b89536)
[Subsystems] Discovering subsystems at path C:/Program Files/Unity/Hub/Editor/2021.3.9f1/Editor/Data/Resources/UnitySubsystems
[Subsystems] Discovering subsystems at path E:/AR_SelfImage_Project/Assets
GfxDevice: creating device client; threaded=0; jobified=0
Direct3D:
    Version:  Direct3D 11.0 [level 11.1]
    Renderer: NVIDIA GeForce GTX 1070 (ID=0x1b81)
    Vendor:   NVIDIA
    VRAM:     8067 MB
    Driver:   32.0.15.6636
Initialize mono
Mono path[0] = 'C:/Program Files/Unity/Hub/Editor/2021.3.9f1/Editor/Data/Managed'
Mono path[1] = 'C:/Program Files/Unity/Hub/Editor/2021.3.9f1/Editor/Data/MonoBleedingEdge/lib/mono/unityjit-win32'
Mono config path = 'C:/Program Files/Unity/Hub/Editor/2021.3.9f1/Editor/Data/MonoBleedingEdge/etc'
Using monoOptions --debugger-agent=transport=dt_socket,embedding=1,server=y,suspend=n,address=127.0.0.1:56616
Begin MonoManager ReloadAssembly
Registering precompiled unity dll's ...
Register platform support module: C:/Program Files/Unity/Hub/Editor/2021.3.9f1/Editor/Data/PlaybackEngines/AndroidPlayer/UnityEditor.Android.Extensions.dll
Register platform support module: C:/Program Files/Unity/Hub/Editor/2021.3.9f1/Editor/Data/PlaybackEngines/WindowsStandaloneSupport/UnityEditor.WindowsStandalone.Extensions.dll
Registered in 0.009264 seconds.
Native extension for WindowsStandalone target not found
Native extension for Android target not found
Refreshing native plugins compatible for Editor in 139.63 ms, found 4 plugins.
Preloading 0 native plugins for Editor in 0.00 ms.
Mono: successfully reloaded assembly
- Completed reload, in  0.870 seconds
Domain Reload Profiling:
	ReloadAssembly (870ms)
		BeginReloadAssembly (108ms)
			ExecutionOrderSort (0ms)
			DisableScriptedObjects (0ms)
			BackupInstance (0ms)
			ReleaseScriptingObjects (0ms)
			CreateAndSetChildDomain (1ms)
		EndReloadAssembly (603ms)
			LoadAssemblies (107ms)
			RebuildTransferFunctionScriptingTraits (0ms)
			SetupTypeCache (130ms)
			ReleaseScriptCaches (0ms)
			RebuildScriptCaches (30ms)
			SetupLoadedEditorAssemblies (382ms)
				LogAssemblyErrors (0ms)
				InitializePlatformSupportModulesInManaged (61ms)
				SetLoadedEditorAssemblies (0ms)
				RefreshPlugins (140ms)
				BeforeProcessingInitializeOnLoad (2ms)
				ProcessInitializeOnLoadAttributes (116ms)
				ProcessInitializeOnLoadMethodAttributes (63ms)
				AfterProcessingInitializeOnLoad (0ms)
				EditorAssembliesLoaded (0ms)
			ExecutionOrderSort2 (0ms)
			AwakeInstancesAfterBackupRestoration (0ms)
Platform modules already initialized, skipping
Registering precompiled user dll's ...
Registered in 0.007757 seconds.
Begin MonoManager ReloadAssembly
Symbol file LoadedFromMemory doesn't match image E:\AR_SelfImage_Project\Library\PackageCache\com.unity.visualscripting@1.7.8\Editor\VisualScripting.Core\Dependencies\YamlDotNet\Unity.VisualScripting.YamlDotNet.dll
Symbol file LoadedFromMemory doesn't match image E:\AR_SelfImage_Project\Library\PackageCache\com.unity.visualscripting@1.7.8\Editor\VisualScripting.Core\Dependencies\DotNetZip\Unity.VisualScripting.IonicZip.dll
Native extension for WindowsStandalone target not found
Native extension for Android target not found
Refreshing native plugins compatible for Editor in 163.82 ms, found 4 plugins.
Preloading 0 native plugins for Editor in 0.00 ms.
System.Exception: Error! Visual Scripting: couldn't find visual scripting package
  at Unity.VisualScripting.PackageVersionUtility.get_version () [0x00043] in E:\AR_SelfImage_Project\Library\PackageCache\com.unity.visualscripting@1.7.8\Editor\VisualScripting.Core\Utilities\PackageVersionUtility.cs:31 
  at Unity.VisualScripting.BoltCoreManifest.get_version () [0x00000] in E:\AR_SelfImage_Project\Library\PackageCache\com.unity.visualscripting@1.7.8\Editor\VisualScripting.Core\Plugin\BoltCoreManifest.cs:11 
  at Unity.VisualScripting.PluginManifest.get_currentVersion () [0x00000] in E:\AR_SelfImage_Project\Library\PackageCache\com.unity.visualscripting@1.7.8\Editor\VisualScripting.Core\Plugins\PluginManifest.cs:33 
  at Unity.VisualScripting.PluginManifest.get_versionMismatch () [0x00000] in E:\AR_SelfImage_Project\Library\PackageCache\com.unity.visualscripting@1.7.8\Editor\VisualScripting.Core\Plugins\PluginManifest.cs:48 
  at Unity.VisualScripting.PluginContainer.Initialize () [0x00525] in E:\AR_SelfImage_Project\Library\PackageCache\com.unity.visualscripting@1.7.8\Editor\VisualScripting.Core\Plugins\PluginContainer.cs:208 
  at Unity.VisualScripting.PluginContainer.InitializeOnLoad () [0x00009] in E:\AR_SelfImage_Project\Library\PackageCache\com.unity.visualscripting@1.7.8\Editor\VisualScripting.Core\Plugins\PluginContainer.cs:32 
  at Unity.VisualScripting.VSUsageUtility.DoInitializeOnLoadCalls () [0x00034] in E:\AR_SelfImage_Project\Library\PackageCache\com.unity.visualscripting@1.7.8\Editor\VisualScripting.Core\Utilities\VSUsageUtility.cs:76 
  at Unity.VisualScripting.VSUsageUtility.set_isVisualScriptingUsed (System.Boolean value) [0x0002c] in E:\AR_SelfImage_Project\Library\PackageCache\com.unity.visualscripting@1.7.8\Editor\VisualScripting.Core\Utilities\VSUsageUtility.cs:114 
  at Unity.VisualScripting.VSUsageUtility.CheckAndSetIsVisualScriptingUsed () [0x00032] in E:\AR_SelfImage_Project\Library\PackageCache\com.unity.visualscripting@1.7.8\Editor\VisualScripting.Core\Utilities\VSUsageUtility.cs:48 
  at Unity.VisualScripting.VSUsageUtility..cctor () [0x00000] in E:\AR_SelfImage_Project\Library\PackageCache\com.unity.visualscripting@1.7.8\Editor\VisualScripting.Core\Utilities\VSUsageUtility.cs:22 
UnityEngine.StackTraceUtility:ExtractStackTrace ()
UnityEngine.DebugLogHandler:LogFormat (UnityEngine.LogType,UnityEngine.Object,string,object[])
UnityEngine.Logger:Log (UnityEngine.LogType,object)
UnityEngine.Debug:LogError (object)
UnityEditor.EditorAssemblies:ProcessInitializeOnLoadAttributes (System.Type[])

Package Manager log level set to [2]
Mono: successfully reloaded assembly
- Completed reload, in  2.603 seconds
Domain Reload Profiling:
	ReloadAssembly (2604ms)
		BeginReloadAssembly (239ms)
			ExecutionOrderSort (0ms)
			DisableScriptedObjects (6ms)
			BackupInstance (0ms)
			ReleaseScriptingObjects (0ms)
			CreateAndSetChildDomain (133ms)
		EndReloadAssembly (2216ms)
			LoadAssemblies (126ms)
			RebuildTransferFunctionScriptingTraits (0ms)
			SetupTypeCache (429ms)
			ReleaseScriptCaches (1ms)
			RebuildScriptCaches (94ms)
			SetupLoadedEditorAssemblies (1505ms)
				LogAssemblyErrors (0ms)
				InitializePlatformSupportModulesInManaged (41ms)
				SetLoadedEditorAssemblies (0ms)
				RefreshPlugins (164ms)
				BeforeProcessingInitializeOnLoad (165ms)
				ProcessInitializeOnLoadAttributes (1000ms)
				ProcessInitializeOnLoadMethodAttributes (124ms)
				AfterProcessingInitializeOnLoad (11ms)
				EditorAssembliesLoaded (0ms)
			ExecutionOrderSort2 (0ms)
			AwakeInstancesAfterBackupRestoration (7ms)
Platform modules already initialized, skipping
========================================================================
Worker process is ready to serve import requests
Launched and connected shader compiler UnityShaderCompiler.exe after 0.06 seconds
Refreshing native plugins compatible for Editor in 2.38 ms, found 4 plugins.
Preloading 0 native plugins for Editor in 0.00 ms.
Unloading 6534 Unused Serialized files (Serialized files now loaded: 0)
Unloading 60 unused Assets / (2.0 MB). Loaded Objects now: 6982.
Memory consumption went from 253.9 MB to 251.9 MB.
Total: 27.764700 ms (FindLiveObjects: 1.113200 ms CreateObjectMapping: 1.066000 ms MarkObjects: 23.473700 ms  DeleteObjects: 2.110200 ms)

AssetImportParameters requested are different than current active one (requested -> active):
  custom:video-decoder-ogg-theora: a1e56fd34408186e4bbccfd4996cb3dc -> 
  custom:container-muxer-webm: aa71ff27fc2769a1b78a27578f13a17b -> 
  custom:container-demuxer-webm: 4f35f7cbe854078d1ac9338744f61a02 -> 
  custom:video-encoder-webm-vp8: eb34c28f22e8b96e1ab97ce403110664 -> 
  custom:audio-encoder-webm-vorbis: bf7c407c2cedff20999df2af8eb42d56 -> 
  custom:framework-win-MediaFoundation: 216162199b28c13a410421893ffa2e32 -> 
  custom:container-demuxer-ogg: 62fdf1f143b41e24485cea50d1cbac27 -> 
  custom:video-decoder-webm-vp8: 9c59270c3fd7afecdb556c50c9e8de78 -> 
  custom:audio-decoder-ogg-vorbis: bf7c407c2cedff20999df2af8eb42d56 -> 
========================================================================
Received Import Request.
  Time since last request: 9319.187035 seconds.
  path: Assets/Images/Settore F/f.4.3.png
  artifactKey: Guid(5a5603f4386e2904da3674ad87efd180) Importer(815301076,1909f56bfc062723c751e8b465ee728b)
Start importing Assets/Images/Settore F/f.4.3.png using Guid(5a5603f4386e2904da3674ad87efd180) Importer(815301076,1909f56bfc062723c751e8b465ee728b)  -> (artifact id: '25749ba60c3bbf8172a7b1cd3c1385ec') in 0.462640 seconds 
========================================================================
Received Import Request.
  Time since last request: 0.000039 seconds.
  path: Assets/Images/Immagini Intere/A - pittorico-figurativo-grafico/andy-warhol-marilyn-1.jpg
  artifactKey: Guid(b6511d5264118a643968f8beff675337) Importer(815301076,1909f56bfc062723c751e8b465ee728b)
Start importing Assets/Images/Immagini Intere/A - pittorico-figurativo-grafico/andy-warhol-marilyn-1.jpg using Guid(b6511d5264118a643968f8beff675337) Importer(815301076,1909f56bfc062723c751e8b465ee728b)  -> (artifact id: 'af239c5c06f04e25142a742a387ef0eb') in 0.290208 seconds 
========================================================================
Received Import Request.
  Time since last request: 0.000039 seconds.
  path: Assets/Images/Settore F/f.5.1.png
  artifactKey: Guid(915db7e264bfe11469f1e3d1fcea86f1) Importer(815301076,1909f56bfc062723c751e8b465ee728b)
Start importing Assets/Images/Settore F/f.5.1.png using Guid(915db7e264bfe11469f1e3d1fcea86f1) Importer(815301076,1909f56bfc062723c751e8b465ee728b)  -> (artifact id: '590fb358156bc7ecb60ec8889a17fe6c') in 0.156828 seconds 
========================================================================
Received Import Request.
  Time since last request: 0.000026 seconds.
  path: Assets/Images/Settore F/f.4.2.png
  artifactKey: Guid(66babec1a7c79d344b720d653239fdc0) Importer(815301076,1909f56bfc062723c751e8b465ee728b)
Start importing Assets/Images/Settore F/f.4.2.png using Guid(66babec1a7c79d344b720d653239fdc0) Importer(815301076,1909f56bfc062723c751e8b465ee728b)  -> (artifact id: '63fcde6fd1c3d39a81074616225aac3c') in 0.143124 seconds 
========================================================================
Received Import Request.
  Time since last request: 0.000038 seconds.
  path: Assets/Images/Immagini Intere/A - pittorico-figurativo-grafico/Self-portrait-with-Straw-Hat-1887-88.jpg
  artifactKey: Guid(5957bdb64db6bad46a8936510715e7de) Importer(815301076,1909f56bfc062723c751e8b465ee728b)
Start importing Assets/Images/Immagini Intere/A - pittorico-figurativo-grafico/Self-portrait-with-Straw-Hat-1887-88.jpg using Guid(5957bdb64db6bad46a8936510715e7de) Importer(815301076,1909f56bfc062723c751e8b465ee728b)  -> (artifact id: '08663a8b723c692d3a515916b0bb3e37') in 0.223929 seconds 
========================================================================
Received Import Request.
  Time since last request: 0.000049 seconds.
  path: Assets/Images/Settore F/f.7.2.png
  artifactKey: Guid(3fb56d523a2e36d45a5f2c5990d9d266) Importer(815301076,1909f56bfc062723c751e8b465ee728b)
Start importing Assets/Images/Settore F/f.7.2.png using Guid(3fb56d523a2e36d45a5f2c5990d9d266) Importer(815301076,1909f56bfc062723c751e8b465ee728b)  -> (artifact id: '33100b09f5c516a9d132cb684841598a') in 0.136552 seconds 
========================================================================
Received Import Request.
  Time since last request: 0.000029 seconds.
  path: Assets/Images/Settore F/f.6.3.png
  artifactKey: Guid(d7ac24f3b46f1fd40ac45420aad65de6) Importer(815301076,1909f56bfc062723c751e8b465ee728b)
Start importing Assets/Images/Settore F/f.6.3.png using Guid(d7ac24f3b46f1fd40ac45420aad65de6) Importer(815301076,1909f56bfc062723c751e8b465ee728b)  -> (artifact id: 'c64a40bdc8dd6048399701aa9f5ef2a7') in 0.132809 seconds 
========================================================================
Received Import Request.
  Time since last request: 0.000034 seconds.
  path: Assets/Images/Settore F/f.2.3.png
  artifactKey: Guid(e79d5f261f0fe9341925ba8e59aba1f4) Importer(815301076,1909f56bfc062723c751e8b465ee728b)
Start importing Assets/Images/Settore F/f.2.3.png using Guid(e79d5f261f0fe9341925ba8e59aba1f4) Importer(815301076,1909f56bfc062723c751e8b465ee728b)  -> (artifact id: 'f510a2fad5ecc913d8eb6b0ae11b7453') in 0.129278 seconds 
========================================================================
Received Import Request.
  Time since last request: 0.000039 seconds.
  path: Assets/Images/Settore F/f.5.2.png
  artifactKey: Guid(2320e1f8538206c4cb04b6ac16d1b4d6) Importer(815301076,1909f56bfc062723c751e8b465ee728b)
Start importing Assets/Images/Settore F/f.5.2.png using Guid(2320e1f8538206c4cb04b6ac16d1b4d6) Importer(815301076,1909f56bfc062723c751e8b465ee728b)  -> (artifact id: '71f9d0748e456f2984703dc0f3754346') in 0.157709 seconds 
========================================================================
Received Import Request.
  Time since last request: 0.000023 seconds.
  path: Assets/Images/Settore F/f.6.4.png
  artifactKey: Guid(07c1e4cd7901cf4499476407cad25d5d) Importer(815301076,1909f56bfc062723c751e8b465ee728b)
Start importing Assets/Images/Settore F/f.6.4.png using Guid(07c1e4cd7901cf4499476407cad25d5d) Importer(815301076,1909f56bfc062723c751e8b465ee728b)  -> (artifact id: '0631f6310988f37b42423800236b9ec2') in 0.125386 seconds 
========================================================================
Received Import Request.
  Time since last request: 0.000034 seconds.
  path: Assets/Images/Settore F/f.1.2.png
  artifactKey: Guid(f7e8dc1ccdd8235449b5ea5917af60f7) Importer(815301076,1909f56bfc062723c751e8b465ee728b)
Start importing Assets/Images/Settore F/f.1.2.png using Guid(f7e8dc1ccdd8235449b5ea5917af60f7) Importer(815301076,1909f56bfc062723c751e8b465ee728b)  -> (artifact id: 'e5b9d1e2991a2f743d85f61eb3d961a8') in 0.161267 seconds 
========================================================================
Received Import Request.
  Time since last request: 0.000043 seconds.
  path: Assets/Images/Immagini Intere/A - pittorico-figurativo-grafico/Matisse Portrait of Madame Matisse. The Green Line 1905.jpg
  artifactKey: Guid(0e44981d135b48b46a87114a7b66f9ef) Importer(815301076,1909f56bfc062723c751e8b465ee728b)
Start importing Assets/Images/Immagini Intere/A - pittorico-figurativo-grafico/Matisse Portrait of Madame Matisse. The Green Line 1905.jpg using Guid(0e44981d135b48b46a87114a7b66f9ef) Importer(815301076,1909f56bfc062723c751e8b465ee728b)  -> (artifact id: 'f529e7c4d6df077a134b75f06481a87b') in 0.164527 seconds 
========================================================================
Received Import Request.
  Time since last request: 40.468545 seconds.
  path: Assets/Images/Settore E/e.1.3.png
  artifactKey: Guid(24894847f29ce0448bd7a9c5a5b99a4d) Importer(815301076,1909f56bfc062723c751e8b465ee728b)
Start importing Assets/Images/Settore E/e.1.3.png using Guid(24894847f29ce0448bd7a9c5a5b99a4d) Importer(815301076,1909f56bfc062723c751e8b465ee728b)  -> (artifact id: '1d7f96fb10af77aa6b1b2bea93c1e5b1') in 0.213934 seconds 
========================================================================
Received Import Request.
  Time since last request: 0.000035 seconds.
  path: Assets/Images/Settore E/e.4.1.png
  artifactKey: Guid(03853f8fc89190949b3572d28af83f63) Importer(815301076,1909f56bfc062723c751e8b465ee728b)
Start importing Assets/Images/Settore E/e.4.1.png using Guid(03853f8fc89190949b3572d28af83f63) Importer(815301076,1909f56bfc062723c751e8b465ee728b)  -> (artifact id: '3b4834ff27d6bf55b1cb4166581ea982') in 0.150223 seconds 
========================================================================
Received Import Request.
  Time since last request: 0.000043 seconds.
  path: Assets/Images/Settore E/e.5.3.png
  artifactKey: Guid(4378723b8a0e18c438a499b80d7cd250) Importer(815301076,1909f56bfc062723c751e8b465ee728b)
Start importing Assets/Images/Settore E/e.5.3.png using Guid(4378723b8a0e18c438a499b80d7cd250) Importer(815301076,1909f56bfc062723c751e8b465ee728b)  -> (artifact id: '33f55d46e23378f422d7b7785146b6f4') in 0.129089 seconds 
========================================================================
Received Import Request.
  Time since last request: 0.000022 seconds.
  path: Assets/Images/Settore E/e.7.2.png
  artifactKey: Guid(39214b5a712770c4aba50de707f8ed98) Importer(815301076,1909f56bfc062723c751e8b465ee728b)
Start importing Assets/Images/Settore E/e.7.2.png using Guid(39214b5a712770c4aba50de707f8ed98) Importer(815301076,1909f56bfc062723c751e8b465ee728b)  -> (artifact id: '846f359abf60171c78653789df89238a') in 0.123085 seconds 
========================================================================
Received Import Request.
  Time since last request: 0.000064 seconds.
  path: Assets/Images/Settore E/e.2.1.png
  artifactKey: Guid(d746c7231c8704446b695790f9e0768f) Importer(815301076,1909f56bfc062723c751e8b465ee728b)
Start importing Assets/Images/Settore E/e.2.1.png using Guid(d746c7231c8704446b695790f9e0768f) Importer(815301076,1909f56bfc062723c751e8b465ee728b)  -> (artifact id: '8fa9f42e62c2dcd28be638fee36422a0') in 0.165343 seconds 
========================================================================
Received Import Request.
  Time since last request: 0.000043 seconds.
  path: Assets/Images/Settore E/e.7.3.png
  artifactKey: Guid(15c74f3d422cb2e44b16139456790555) Importer(815301076,1909f56bfc062723c751e8b465ee728b)
Start importing Assets/Images/Settore E/e.7.3.png using Guid(15c74f3d422cb2e44b16139456790555) Importer(815301076,1909f56bfc062723c751e8b465ee728b)  -> (artifact id: 'd4261fea27db66bf4aaf72aa3eb4c08f') in 0.138454 seconds 
========================================================================
Received Import Request.
  Time since last request: 0.000025 seconds.
  path: Assets/Images/Settore E/e.2.4.png
  artifactKey: Guid(374ce5d198d555346911b7a1384e0666) Importer(815301076,1909f56bfc062723c751e8b465ee728b)
Start importing Assets/Images/Settore E/e.2.4.png using Guid(374ce5d198d555346911b7a1384e0666) Importer(815301076,1909f56bfc062723c751e8b465ee728b)  -> (artifact id: '10a1f7581d554c128a6b6948efff78de') in 0.187157 seconds 
========================================================================
Received Import Request.
  Time since last request: 0.000031 seconds.
  path: Assets/Images/Settore E/e.8.3.png
  artifactKey: Guid(16ade8c12d086684295080dae9d886ea) Importer(815301076,1909f56bfc062723c751e8b465ee728b)
Start importing Assets/Images/Settore E/e.8.3.png using Guid(16ade8c12d086684295080dae9d886ea) Importer(815301076,1909f56bfc062723c751e8b465ee728b)  -> (artifact id: '6bc9f7b8dc6e2470538822fb1868f31c') in 0.164131 seconds 
========================================================================
Received Import Request.
  Time since last request: 0.000044 seconds.
  path: Assets/Images/Settore E/e.9.3..png
  artifactKey: Guid(eba22c16338ee394d90fa785349bbb46) Importer(815301076,1909f56bfc062723c751e8b465ee728b)
Start importing Assets/Images/Settore E/e.9.3..png using Guid(eba22c16338ee394d90fa785349bbb46) Importer(815301076,1909f56bfc062723c751e8b465ee728b)  -> (artifact id: '310b4c88bef61be834f7dbc9d0191c26') in 0.136825 seconds 
========================================================================
Received Import Request.
  Time since last request: 37.630609 seconds.
  path: Assets/Images/Settore D/D.1.2.png
  artifactKey: Guid(b8f3862b8ff5adf4e9302c6cbcfff0b0) Importer(815301076,1909f56bfc062723c751e8b465ee728b)
Start importing Assets/Images/Settore D/D.1.2.png using Guid(b8f3862b8ff5adf4e9302c6cbcfff0b0) Importer(815301076,1909f56bfc062723c751e8b465ee728b)  -> (artifact id: '7157724ab8a6c4d80fa372c58eada5ae') in 0.198472 seconds 
========================================================================
Received Import Request.
  Time since last request: 0.000029 seconds.
  path: Assets/Images/Settore D/D.4.2.png
  artifactKey: Guid(1860071db6d364e4c8b84070c58ed5ef) Importer(815301076,1909f56bfc062723c751e8b465ee728b)
Start importing Assets/Images/Settore D/D.4.2.png using Guid(1860071db6d364e4c8b84070c58ed5ef) Importer(815301076,1909f56bfc062723c751e8b465ee728b)  -> (artifact id: '8ff47b6f353ed8ca9878e741128aac7a') in 0.161884 seconds 
========================================================================
Received Import Request.
  Time since last request: 0.000047 seconds.
  path: Assets/Images/Settore D/d.9.4.png
  artifactKey: Guid(43fc9466a311d864484807c07dcbcb93) Importer(815301076,1909f56bfc062723c751e8b465ee728b)
Start importing Assets/Images/Settore D/d.9.4.png using Guid(43fc9466a311d864484807c07dcbcb93) Importer(815301076,1909f56bfc062723c751e8b465ee728b)  -> (artifact id: 'aa5490acaecd4fda1661f2931f8809e4') in 0.146543 seconds 
========================================================================
Received Import Request.
  Time since last request: 0.000024 seconds.
  path: Assets/Images/Settore D/D.2.2.png
  artifactKey: Guid(1d2487fcdce01e14ab09b57b22f987c3) Importer(815301076,1909f56bfc062723c751e8b465ee728b)
Start importing Assets/Images/Settore D/D.2.2.png using Guid(1d2487fcdce01e14ab09b57b22f987c3) Importer(815301076,1909f56bfc062723c751e8b465ee728b)  -> (artifact id: '0a4249d08ace202fca86bbaa96687baa') in 0.143564 seconds 
========================================================================
Received Import Request.
  Time since last request: 0.000036 seconds.
  path: Assets/Images/Settore D/D.2.4.png
  artifactKey: Guid(232a2c734d19adc428fdb55e5ebde16c) Importer(815301076,1909f56bfc062723c751e8b465ee728b)
Start importing Assets/Images/Settore D/D.2.4.png using Guid(232a2c734d19adc428fdb55e5ebde16c) Importer(815301076,1909f56bfc062723c751e8b465ee728b)  -> (artifact id: '850719517ee192bbe3b496074aaeba13') in 0.146529 seconds 
========================================================================
Received Import Request.
  Time since last request: 0.000040 seconds.
  path: Assets/Images/Settore D/d.8.2.png
  artifactKey: Guid(2acfa7e1363127e4697c4d949137bfa7) Importer(815301076,1909f56bfc062723c751e8b465ee728b)
Start importing Assets/Images/Settore D/d.8.2.png using Guid(2acfa7e1363127e4697c4d949137bfa7) Importer(815301076,1909f56bfc062723c751e8b465ee728b)  -> (artifact id: '6f4ff516239c1253178594ed91dd4eab') in 0.194725 seconds 
========================================================================
Received Import Request.
  Time since last request: 0.000030 seconds.
  path: Assets/Images/Settore D/d.5.2.png
  artifactKey: Guid(c4857e3201b4517458ae76e6e435e274) Importer(815301076,1909f56bfc062723c751e8b465ee728b)
Start importing Assets/Images/Settore D/d.5.2.png using Guid(c4857e3201b4517458ae76e6e435e274) Importer(815301076,1909f56bfc062723c751e8b465ee728b)  -> (artifact id: '8cd51235ded79c7ab855fbf22b4b6d4a') in 0.127367 seconds 
========================================================================
Received Import Request.
  Time since last request: 0.000033 seconds.
  path: Assets/Images/Settore D/D.2.3.png
  artifactKey: Guid(7e97f6af5daef844ba7f5d44858a0a5e) Importer(815301076,1909f56bfc062723c751e8b465ee728b)
Start importing Assets/Images/Settore D/D.2.3.png using Guid(7e97f6af5daef844ba7f5d44858a0a5e) Importer(815301076,1909f56bfc062723c751e8b465ee728b)  -> (artifact id: '19894615f434150f201c9ca971c367fa') in 0.160405 seconds 
========================================================================
Received Import Request.
  Time since last request: 0.000039 seconds.
  path: Assets/Images/Settore D/d.8.1.png
  artifactKey: Guid(ba030b8681f371c43bceed1fdb9f104c) Importer(815301076,1909f56bfc062723c751e8b465ee728b)
Start importing Assets/Images/Settore D/d.8.1.png using Guid(ba030b8681f371c43bceed1fdb9f104c) Importer(815301076,1909f56bfc062723c751e8b465ee728b)  -> (artifact id: '3cd4a80586df6d2bcc09f99f4c0471b8') in 0.163450 seconds 
========================================================================
Received Import Request.
  Time since last request: 0.000027 seconds.
  path: Assets/Images/Settore D/d.7.1.png
  artifactKey: Guid(1052cc99e9ff47047a945397c7713e84) Importer(815301076,1909f56bfc062723c751e8b465ee728b)
Start importing Assets/Images/Settore D/d.7.1.png using Guid(1052cc99e9ff47047a945397c7713e84) Importer(815301076,1909f56bfc062723c751e8b465ee728b)  -> (artifact id: '5a99f4aaccacb96833cd775559541610') in 0.124233 seconds 
Editor requested this worker to shutdown with reason: Scaling down because of idle timeout
AssetImportWorker is now disconnected from the server
Process exiting
Exiting without the bug reporter. Application will terminate with return code 0