Using pre-set license
Built from '2021.3/staging' branch; Version is '2021.3.9f1 (ad3870b89536) revision 11352176'; Using compiler version '192829333'; Build Type 'Release'
OS: 'Windows 10  (10.0.19045) 64bit Core' Language: 'it' Physical Memory: 16323 MB
BatchMode: 1, IsHumanControllingUs: 0, StartBugReporterOnCrash: 0, Is64bit: 1, IsPro: 1

COMMAND LINE ARGUMENTS:
C:\Program Files\Unity\Hub\Editor\2021.3.9f1\Editor\Unity.exe
-adb2
-batchMode
-noUpm
-name
AssetImportWorker11
-projectPath
E:/AR_SelfImage_Project
-logFile
Logs/AssetImportWorker11.log
-srvPort
59850
Successfully changed project path to: E:/AR_SelfImage_Project
E:/AR_SelfImage_Project
[UnityMemory] Configuration Parameters - Can be set up in boot.config
    "memorysetup-bucket-allocator-granularity=16"
    "memorysetup-bucket-allocator-bucket-count=8"
    "memorysetup-bucket-allocator-block-size=33554432"
    "memorysetup-bucket-allocator-block-count=8"
    "memorysetup-main-allocator-block-size=16777216"
    "memorysetup-thread-allocator-block-size=16777216"
    "memorysetup-gfx-main-allocator-block-size=16777216"
    "memorysetup-gfx-thread-allocator-block-size=16777216"
    "memorysetup-cache-allocator-block-size=4194304"
    "memorysetup-typetree-allocator-block-size=2097152"
    "memorysetup-profiler-bucket-allocator-granularity=16"
    "memorysetup-profiler-bucket-allocator-bucket-count=8"
    "memorysetup-profiler-bucket-allocator-block-size=33554432"
    "memorysetup-profiler-bucket-allocator-block-count=8"
    "memorysetup-profiler-allocator-block-size=16777216"
    "memorysetup-profiler-editor-allocator-block-size=1048576"
    "memorysetup-temp-allocator-size-main=16777216"
    "memorysetup-job-temp-allocator-block-size=2097152"
    "memorysetup-job-temp-allocator-block-size-background=1048576"
    "memorysetup-job-temp-allocator-reduction-small-platforms=262144"
    "memorysetup-temp-allocator-size-background-worker=32768"
    "memorysetup-temp-allocator-size-job-worker=262144"
    "memorysetup-temp-allocator-size-preload-manager=33554432"
    "memorysetup-temp-allocator-size-nav-mesh-worker=65536"
    "memorysetup-temp-allocator-size-audio-worker=65536"
    "memorysetup-temp-allocator-size-cloud-worker=32768"
    "memorysetup-temp-allocator-size-gi-baking-worker=262144"
    "memorysetup-temp-allocator-size-gfx=262144"
Refreshing native plugins compatible for Editor in 241.85 ms, found 4 plugins.
Preloading 0 native plugins for Editor in 0.00 ms.
Initialize engine version: 2021.3.9f1 (ad3870b89536)
[Subsystems] Discovering subsystems at path C:/Program Files/Unity/Hub/Editor/2021.3.9f1/Editor/Data/Resources/UnitySubsystems
[Subsystems] Discovering subsystems at path E:/AR_SelfImage_Project/Assets
GfxDevice: creating device client; threaded=0; jobified=0
Direct3D:
    Version:  Direct3D 11.0 [level 11.1]
    Renderer: NVIDIA GeForce GTX 1070 (ID=0x1b81)
    Vendor:   NVIDIA
    VRAM:     8067 MB
    Driver:   32.0.15.6636
Initialize mono
Mono path[0] = 'C:/Program Files/Unity/Hub/Editor/2021.3.9f1/Editor/Data/Managed'
Mono path[1] = 'C:/Program Files/Unity/Hub/Editor/2021.3.9f1/Editor/Data/MonoBleedingEdge/lib/mono/unityjit-win32'
Mono config path = 'C:/Program Files/Unity/Hub/Editor/2021.3.9f1/Editor/Data/MonoBleedingEdge/etc'
Using monoOptions --debugger-agent=transport=dt_socket,embedding=1,server=y,suspend=n,address=127.0.0.1:56464
Begin MonoManager ReloadAssembly
Registering precompiled unity dll's ...
Register platform support module: C:/Program Files/Unity/Hub/Editor/2021.3.9f1/Editor/Data/PlaybackEngines/AndroidPlayer/UnityEditor.Android.Extensions.dll
Register platform support module: C:/Program Files/Unity/Hub/Editor/2021.3.9f1/Editor/Data/PlaybackEngines/WindowsStandaloneSupport/UnityEditor.WindowsStandalone.Extensions.dll
Registered in 0.007901 seconds.
Native extension for WindowsStandalone target not found
Native extension for Android target not found
Refreshing native plugins compatible for Editor in 132.49 ms, found 4 plugins.
Preloading 0 native plugins for Editor in 0.00 ms.
Mono: successfully reloaded assembly
- Completed reload, in  0.764 seconds
Domain Reload Profiling:
	ReloadAssembly (765ms)
		BeginReloadAssembly (77ms)
			ExecutionOrderSort (0ms)
			DisableScriptedObjects (0ms)
			BackupInstance (0ms)
			ReleaseScriptingObjects (0ms)
			CreateAndSetChildDomain (1ms)
		EndReloadAssembly (564ms)
			LoadAssemblies (74ms)
			RebuildTransferFunctionScriptingTraits (0ms)
			SetupTypeCache (117ms)
			ReleaseScriptCaches (0ms)
			RebuildScriptCaches (35ms)
			SetupLoadedEditorAssemblies (355ms)
				LogAssemblyErrors (0ms)
				InitializePlatformSupportModulesInManaged (81ms)
				SetLoadedEditorAssemblies (0ms)
				RefreshPlugins (133ms)
				BeforeProcessingInitializeOnLoad (2ms)
				ProcessInitializeOnLoadAttributes (93ms)
				ProcessInitializeOnLoadMethodAttributes (46ms)
				AfterProcessingInitializeOnLoad (0ms)
				EditorAssembliesLoaded (0ms)
			ExecutionOrderSort2 (0ms)
			AwakeInstancesAfterBackupRestoration (0ms)
Platform modules already initialized, skipping
Registering precompiled user dll's ...
Registered in 0.009401 seconds.
Begin MonoManager ReloadAssembly
Symbol file LoadedFromMemory doesn't match image E:\AR_SelfImage_Project\Library\PackageCache\com.unity.visualscripting@1.7.8\Editor\VisualScripting.Core\Dependencies\YamlDotNet\Unity.VisualScripting.YamlDotNet.dll
Symbol file LoadedFromMemory doesn't match image E:\AR_SelfImage_Project\Library\PackageCache\com.unity.visualscripting@1.7.8\Editor\VisualScripting.Core\Dependencies\DotNetZip\Unity.VisualScripting.IonicZip.dll
Native extension for WindowsStandalone target not found
Native extension for Android target not found
Refreshing native plugins compatible for Editor in 119.60 ms, found 4 plugins.
Preloading 0 native plugins for Editor in 0.00 ms.
System.Exception: Error! Visual Scripting: couldn't find visual scripting package
  at Unity.VisualScripting.PackageVersionUtility.get_version () [0x00043] in E:\AR_SelfImage_Project\Library\PackageCache\com.unity.visualscripting@1.7.8\Editor\VisualScripting.Core\Utilities\PackageVersionUtility.cs:31 
  at Unity.VisualScripting.BoltCoreManifest.get_version () [0x00000] in E:\AR_SelfImage_Project\Library\PackageCache\com.unity.visualscripting@1.7.8\Editor\VisualScripting.Core\Plugin\BoltCoreManifest.cs:11 
  at Unity.VisualScripting.PluginManifest.get_currentVersion () [0x00000] in E:\AR_SelfImage_Project\Library\PackageCache\com.unity.visualscripting@1.7.8\Editor\VisualScripting.Core\Plugins\PluginManifest.cs:33 
  at Unity.VisualScripting.PluginManifest.get_versionMismatch () [0x00000] in E:\AR_SelfImage_Project\Library\PackageCache\com.unity.visualscripting@1.7.8\Editor\VisualScripting.Core\Plugins\PluginManifest.cs:48 
  at Unity.VisualScripting.PluginContainer.Initialize () [0x00525] in E:\AR_SelfImage_Project\Library\PackageCache\com.unity.visualscripting@1.7.8\Editor\VisualScripting.Core\Plugins\PluginContainer.cs:208 
  at Unity.VisualScripting.PluginContainer.InitializeOnLoad () [0x00009] in E:\AR_SelfImage_Project\Library\PackageCache\com.unity.visualscripting@1.7.8\Editor\VisualScripting.Core\Plugins\PluginContainer.cs:32 
  at Unity.VisualScripting.VSUsageUtility.DoInitializeOnLoadCalls () [0x00034] in E:\AR_SelfImage_Project\Library\PackageCache\com.unity.visualscripting@1.7.8\Editor\VisualScripting.Core\Utilities\VSUsageUtility.cs:76 
  at Unity.VisualScripting.VSUsageUtility.set_isVisualScriptingUsed (System.Boolean value) [0x0002c] in E:\AR_SelfImage_Project\Library\PackageCache\com.unity.visualscripting@1.7.8\Editor\VisualScripting.Core\Utilities\VSUsageUtility.cs:114 
  at Unity.VisualScripting.VSUsageUtility.CheckAndSetIsVisualScriptingUsed () [0x00032] in E:\AR_SelfImage_Project\Library\PackageCache\com.unity.visualscripting@1.7.8\Editor\VisualScripting.Core\Utilities\VSUsageUtility.cs:48 
  at Unity.VisualScripting.VSUsageUtility..cctor () [0x00000] in E:\AR_SelfImage_Project\Library\PackageCache\com.unity.visualscripting@1.7.8\Editor\VisualScripting.Core\Utilities\VSUsageUtility.cs:22 
UnityEngine.StackTraceUtility:ExtractStackTrace ()
UnityEngine.DebugLogHandler:LogFormat (UnityEngine.LogType,UnityEngine.Object,string,object[])
UnityEngine.Logger:Log (UnityEngine.LogType,object)
UnityEngine.Debug:LogError (object)
UnityEditor.EditorAssemblies:ProcessInitializeOnLoadAttributes (System.Type[])

Package Manager log level set to [2]
Mono: successfully reloaded assembly
- Completed reload, in  2.151 seconds
Domain Reload Profiling:
	ReloadAssembly (2152ms)
		BeginReloadAssembly (232ms)
			ExecutionOrderSort (0ms)
			DisableScriptedObjects (6ms)
			BackupInstance (0ms)
			ReleaseScriptingObjects (0ms)
			CreateAndSetChildDomain (133ms)
		EndReloadAssembly (1779ms)
			LoadAssemblies (109ms)
			RebuildTransferFunctionScriptingTraits (0ms)
			SetupTypeCache (386ms)
			ReleaseScriptCaches (1ms)
			RebuildScriptCaches (72ms)
			SetupLoadedEditorAssemblies (1168ms)
				LogAssemblyErrors (0ms)
				InitializePlatformSupportModulesInManaged (13ms)
				SetLoadedEditorAssemblies (0ms)
				RefreshPlugins (120ms)
				BeforeProcessingInitializeOnLoad (150ms)
				ProcessInitializeOnLoadAttributes (791ms)
				ProcessInitializeOnLoadMethodAttributes (86ms)
				AfterProcessingInitializeOnLoad (8ms)
				EditorAssembliesLoaded (0ms)
			ExecutionOrderSort2 (0ms)
			AwakeInstancesAfterBackupRestoration (7ms)
Platform modules already initialized, skipping
========================================================================
Worker process is ready to serve import requests
Launched and connected shader compiler UnityShaderCompiler.exe after 0.04 seconds
Refreshing native plugins compatible for Editor in 2.10 ms, found 4 plugins.
Preloading 0 native plugins for Editor in 0.00 ms.
Unloading 6534 Unused Serialized files (Serialized files now loaded: 0)
Unloading 60 unused Assets / (2.0 MB). Loaded Objects now: 6982.
Memory consumption went from 254.0 MB to 252.0 MB.
Total: 19.009000 ms (FindLiveObjects: 0.605400 ms CreateObjectMapping: 0.598100 ms MarkObjects: 16.370700 ms  DeleteObjects: 1.433700 ms)

AssetImportParameters requested are different than current active one (requested -> active):
  custom:video-decoder-ogg-theora: a1e56fd34408186e4bbccfd4996cb3dc -> 
  custom:container-muxer-webm: aa71ff27fc2769a1b78a27578f13a17b -> 
  custom:container-demuxer-webm: 4f35f7cbe854078d1ac9338744f61a02 -> 
  custom:video-encoder-webm-vp8: eb34c28f22e8b96e1ab97ce403110664 -> 
  custom:audio-encoder-webm-vorbis: bf7c407c2cedff20999df2af8eb42d56 -> 
  custom:framework-win-MediaFoundation: 216162199b28c13a410421893ffa2e32 -> 
  custom:container-demuxer-ogg: 62fdf1f143b41e24485cea50d1cbac27 -> 
  custom:video-decoder-webm-vp8: 9c59270c3fd7afecdb556c50c9e8de78 -> 
  custom:audio-decoder-ogg-vorbis: bf7c407c2cedff20999df2af8eb42d56 -> 
========================================================================
Received Import Request.
  Time since last request: 10206.239068 seconds.
  path: Assets/Images/Immagini Intere/E - assemblaggio-composizione-frammenti/e.1.jpeg
  artifactKey: Guid(1031d92b7898a5e4eb4b4535d013bdb3) Importer(815301076,1909f56bfc062723c751e8b465ee728b)
Start importing Assets/Images/Immagini Intere/E - assemblaggio-composizione-frammenti/e.1.jpeg using Guid(1031d92b7898a5e4eb4b4535d013bdb3) Importer(815301076,1909f56bfc062723c751e8b465ee728b)  -> (artifact id: 'f402750a29f0fdea9e0c85393df24f1a') in 0.209597 seconds 
========================================================================
Received Import Request.
  Time since last request: 4.557243 seconds.
  path: Assets/Images/Immagini Intere/E - assemblaggio-composizione-frammenti/e.2.jpg
  artifactKey: Guid(e1c07b304dd5e7543b030ac4bfa2a45c) Importer(815301076,1909f56bfc062723c751e8b465ee728b)
Start importing Assets/Images/Immagini Intere/E - assemblaggio-composizione-frammenti/e.2.jpg using Guid(e1c07b304dd5e7543b030ac4bfa2a45c) Importer(815301076,1909f56bfc062723c751e8b465ee728b)  -> (artifact id: '685bbc4ca8198ef2213119bfb03ec491') in 0.095327 seconds 
========================================================================
Received Import Request.
  Time since last request: 11.066788 seconds.
  path: Assets/Images/Immagini Intere/E - assemblaggio-composizione-frammenti/e.3.jpg
  artifactKey: Guid(163f162165ae4c6418f112e9f3afa4e8) Importer(815301076,1909f56bfc062723c751e8b465ee728b)
Start importing Assets/Images/Immagini Intere/E - assemblaggio-composizione-frammenti/e.3.jpg using Guid(163f162165ae4c6418f112e9f3afa4e8) Importer(815301076,1909f56bfc062723c751e8b465ee728b)  -> (artifact id: 'f114a2838f8c61f3eeb94a7a83b53072') in 0.083580 seconds 
========================================================================
Received Import Request.
  Time since last request: 6.520032 seconds.
  path: Assets/Images/Immagini Intere/E - assemblaggio-composizione-frammenti/e.5.jpg
  artifactKey: Guid(da60e9078fde0a748a52a14939996e01) Importer(815301076,1909f56bfc062723c751e8b465ee728b)
Start importing Assets/Images/Immagini Intere/E - assemblaggio-composizione-frammenti/e.5.jpg using Guid(da60e9078fde0a748a52a14939996e01) Importer(815301076,1909f56bfc062723c751e8b465ee728b)  -> (artifact id: 'e7b3b8f7506af7ed808fcfcf249843ee') in 0.080169 seconds 
========================================================================
Received Import Request.
  Time since last request: 4.357606 seconds.
  path: Assets/Images/Immagini Intere/E - assemblaggio-composizione-frammenti/e.4.jpg
  artifactKey: Guid(da60e9078fde0a748a52a14939996e01) Importer(815301076,1909f56bfc062723c751e8b465ee728b)
Start importing Assets/Images/Immagini Intere/E - assemblaggio-composizione-frammenti/e.4.jpg using Guid(da60e9078fde0a748a52a14939996e01) Importer(815301076,1909f56bfc062723c751e8b465ee728b)  -> (artifact id: 'f729c3fb2faf69fbbe265f3dd071569a') in 0.082381 seconds 
========================================================================
Received Import Request.
  Time since last request: 8.154241 seconds.
  path: Assets/Images/Immagini Intere/E - assemblaggio-composizione-frammenti/e.5.png
  artifactKey: Guid(e6c065d3b4f7d6943b161db88022e083) Importer(815301076,1909f56bfc062723c751e8b465ee728b)
Start importing Assets/Images/Immagini Intere/E - assemblaggio-composizione-frammenti/e.5.png using Guid(e6c065d3b4f7d6943b161db88022e083) Importer(815301076,1909f56bfc062723c751e8b465ee728b)  -> (artifact id: '1880df6294db4e643c48be2a05f923a5') in 0.044403 seconds 
========================================================================
Received Import Request.
  Time since last request: 6.024150 seconds.
  path: Assets/Images/Immagini Intere/E - assemblaggio-composizione-frammenti/e.6.jpg
  artifactKey: Guid(11f1e78b7c9473c4d8be1fd6c900a7b0) Importer(815301076,1909f56bfc062723c751e8b465ee728b)
Start importing Assets/Images/Immagini Intere/E - assemblaggio-composizione-frammenti/e.6.jpg using Guid(11f1e78b7c9473c4d8be1fd6c900a7b0) Importer(815301076,1909f56bfc062723c751e8b465ee728b)  -> (artifact id: 'faf81a79c6c8a6087c9cc3e9180f5b68') in 0.093097 seconds 
========================================================================
Received Import Request.
  Time since last request: 6.442214 seconds.
  path: Assets/Images/Immagini Intere/E - assemblaggio-composizione-frammenti/e.7.jpg
  artifactKey: Guid(2eb964f55d7ad69488872e4433d02851) Importer(815301076,1909f56bfc062723c751e8b465ee728b)
Start importing Assets/Images/Immagini Intere/E - assemblaggio-composizione-frammenti/e.7.jpg using Guid(2eb964f55d7ad69488872e4433d02851) Importer(815301076,1909f56bfc062723c751e8b465ee728b)  -> (artifact id: '4292c6837c79ba59b02e55f873430331') in 0.064872 seconds 
========================================================================
Received Import Request.
  Time since last request: 7.808476 seconds.
  path: Assets/Images/Immagini Intere/E - assemblaggio-composizione-frammenti/e.8.jpeg
  artifactKey: Guid(e8ad43c76b8f1e944aa10a0ff1466362) Importer(815301076,1909f56bfc062723c751e8b465ee728b)
Start importing Assets/Images/Immagini Intere/E - assemblaggio-composizione-frammenti/e.8.jpeg using Guid(e8ad43c76b8f1e944aa10a0ff1466362) Importer(815301076,1909f56bfc062723c751e8b465ee728b)  -> (artifact id: '2bed23296a67d7942c3558a8de152520') in 0.083706 seconds 
========================================================================
Received Import Request.
  Time since last request: 7.432737 seconds.
  path: Assets/Images/Immagini Intere/E - assemblaggio-composizione-frammenti/e.9.jpg
  artifactKey: Guid(9c2762eb85c9fe043adcc700db8f8cca) Importer(815301076,1909f56bfc062723c751e8b465ee728b)
Start importing Assets/Images/Immagini Intere/E - assemblaggio-composizione-frammenti/e.9.jpg using Guid(9c2762eb85c9fe043adcc700db8f8cca) Importer(815301076,1909f56bfc062723c751e8b465ee728b)  -> (artifact id: '09ca7daa07fcfe53aad92be32925d9de') in 0.146789 seconds 
========================================================================
Received Import Request.
  Time since last request: 30.841902 seconds.
  path: Assets/Images/Immagini Intere/F - assenza-mancanza-incompiutezza/f.1.jpg
  artifactKey: Guid(1fc0387fe8a18d34f845350339c1c96d) Importer(815301076,1909f56bfc062723c751e8b465ee728b)
Start importing Assets/Images/Immagini Intere/F - assenza-mancanza-incompiutezza/f.1.jpg using Guid(1fc0387fe8a18d34f845350339c1c96d) Importer(815301076,1909f56bfc062723c751e8b465ee728b)  -> (artifact id: 'e00893a7b94b6d3b67b7d841412ffe2b') in 0.027028 seconds 
========================================================================
Received Import Request.
  Time since last request: 6.609836 seconds.
  path: Assets/Images/Immagini Intere/F - assenza-mancanza-incompiutezza/f.2.jpg
  artifactKey: Guid(e562ba7c41383b644952399844dc729c) Importer(815301076,1909f56bfc062723c751e8b465ee728b)
Start importing Assets/Images/Immagini Intere/F - assenza-mancanza-incompiutezza/f.2.jpg using Guid(e562ba7c41383b644952399844dc729c) Importer(815301076,1909f56bfc062723c751e8b465ee728b)  -> (artifact id: '07a8c9e27a3f1b01a1c3abee8eeaf5b1') in 0.062068 seconds 
========================================================================
Received Import Request.
  Time since last request: 7.372235 seconds.
  path: Assets/Images/Immagini Intere/F - assenza-mancanza-incompiutezza/f.3.jpg
  artifactKey: Guid(fa192ec2eb3597640bbe17434dbded20) Importer(815301076,1909f56bfc062723c751e8b465ee728b)
Start importing Assets/Images/Immagini Intere/F - assenza-mancanza-incompiutezza/f.3.jpg using Guid(fa192ec2eb3597640bbe17434dbded20) Importer(815301076,1909f56bfc062723c751e8b465ee728b)  -> (artifact id: 'ac6e31b95d3bcf9dc1893e97d62fd122') in 0.098982 seconds 
========================================================================
Received Import Request.
  Time since last request: 8.421906 seconds.
  path: Assets/Images/Immagini Intere/F - assenza-mancanza-incompiutezza/f.4.jpg
  artifactKey: Guid(5217b85e18459264d8838f73213e3017) Importer(815301076,1909f56bfc062723c751e8b465ee728b)
Start importing Assets/Images/Immagini Intere/F - assenza-mancanza-incompiutezza/f.4.jpg using Guid(5217b85e18459264d8838f73213e3017) Importer(815301076,1909f56bfc062723c751e8b465ee728b)  -> (artifact id: 'c409103bfa0da1ee9813c44c77168674') in 0.072552 seconds 
========================================================================
Received Import Request.
  Time since last request: 7.518547 seconds.
  path: Assets/Images/Immagini Intere/F - assenza-mancanza-incompiutezza/f.5.jpg
  artifactKey: Guid(a308d13bfec9ecc4dac8cf0b607e8199) Importer(815301076,1909f56bfc062723c751e8b465ee728b)
Start importing Assets/Images/Immagini Intere/F - assenza-mancanza-incompiutezza/f.5.jpg using Guid(a308d13bfec9ecc4dac8cf0b607e8199) Importer(815301076,1909f56bfc062723c751e8b465ee728b)  -> (artifact id: '44dd769172c57172ddda885547f0de7f') in 0.061719 seconds 
========================================================================
Received Import Request.
  Time since last request: 6.628788 seconds.
  path: Assets/Images/Immagini Intere/F - assenza-mancanza-incompiutezza/f.6.jpg
  artifactKey: Guid(d177647436793c1408f9ea092ac9452e) Importer(815301076,1909f56bfc062723c751e8b465ee728b)
Start importing Assets/Images/Immagini Intere/F - assenza-mancanza-incompiutezza/f.6.jpg using Guid(d177647436793c1408f9ea092ac9452e) Importer(815301076,1909f56bfc062723c751e8b465ee728b)  -> (artifact id: '199873ec3a49ab4e4bf14158a6040bc6') in 0.043414 seconds 
========================================================================
Received Import Request.
  Time since last request: 6.524286 seconds.
  path: Assets/Images/Immagini Intere/F - assenza-mancanza-incompiutezza/f.7.jpg
  artifactKey: Guid(73f657699c41d564fa1a07890fc123b0) Importer(815301076,1909f56bfc062723c751e8b465ee728b)
Start importing Assets/Images/Immagini Intere/F - assenza-mancanza-incompiutezza/f.7.jpg using Guid(73f657699c41d564fa1a07890fc123b0) Importer(815301076,1909f56bfc062723c751e8b465ee728b)  -> (artifact id: '2abe9e825102d698b1aec3559e3f4d78') in 0.083940 seconds 
========================================================================
Received Import Request.
  Time since last request: 9.265717 seconds.
  path: Assets/Images/Immagini Intere/F - assenza-mancanza-incompiutezza/f.8.jpg
  artifactKey: Guid(d168cc596777d4e4b856891e9bbfea50) Importer(815301076,1909f56bfc062723c751e8b465ee728b)
Start importing Assets/Images/Immagini Intere/F - assenza-mancanza-incompiutezza/f.8.jpg using Guid(d168cc596777d4e4b856891e9bbfea50) Importer(815301076,1909f56bfc062723c751e8b465ee728b)  -> (artifact id: 'd948430fef1db7f10018233429609b75') in 0.048375 seconds 
========================================================================
Received Import Request.
  Time since last request: 15.911332 seconds.
  path: Assets/Images/Immagini Intere/F - assenza-mancanza-incompiutezza/f.9.jpg
  artifactKey: Guid(dd79a6d0ea79772478e00e10ef339f3a) Importer(815301076,1909f56bfc062723c751e8b465ee728b)
Start importing Assets/Images/Immagini Intere/F - assenza-mancanza-incompiutezza/f.9.jpg using Guid(dd79a6d0ea79772478e00e10ef339f3a) Importer(815301076,1909f56bfc062723c751e8b465ee728b)  -> (artifact id: 'b112c7f39d45ca648d2364d91defee2f') in 0.101616 seconds 
========================================================================
Received Import Request.
  Time since last request: 7.586298 seconds.
  path: Assets/Images/Immagini Intere/F - assenza-mancanza-incompiutezza/f.10.jpg
  artifactKey: Guid(1a0db39f16045f3449617ccaa96ae279) Importer(815301076,1909f56bfc062723c751e8b465ee728b)
Start importing Assets/Images/Immagini Intere/F - assenza-mancanza-incompiutezza/f.10.jpg using Guid(1a0db39f16045f3449617ccaa96ae279) Importer(815301076,1909f56bfc062723c751e8b465ee728b)  -> (artifact id: '646358da632fb8f92dc67e9bed9ab4d4') in 0.054385 seconds 
========================================================================
Received Import Request.
  Time since last request: 12.756402 seconds.
  path: Assets/Images/Immagini Intere/A - pittorico-figurativo-grafico/a.1.jpg
  artifactKey: Guid(b6511d5264118a643968f8beff675337) Importer(815301076,1909f56bfc062723c751e8b465ee728b)
Start importing Assets/Images/Immagini Intere/A - pittorico-figurativo-grafico/a.1.jpg using Guid(b6511d5264118a643968f8beff675337) Importer(815301076,1909f56bfc062723c751e8b465ee728b)  -> (artifact id: '2e865672f34a3cfe765d981513c97425') in 0.108617 seconds 
========================================================================
Received Import Request.
  Time since last request: 3.436864 seconds.
  path: Assets/Images/Immagini Intere/A - pittorico-figurativo-grafico/a.2.jpg
  artifactKey: Guid(c608681ed1a8f0b46855230b1ab9fd5e) Importer(815301076,1909f56bfc062723c751e8b465ee728b)
Start importing Assets/Images/Immagini Intere/A - pittorico-figurativo-grafico/a.2.jpg using Guid(c608681ed1a8f0b46855230b1ab9fd5e) Importer(815301076,1909f56bfc062723c751e8b465ee728b)  -> (artifact id: '846b41adb9da1dfb420aab0bc5a5e579') in 0.105589 seconds 
